Component: ARM Compiler 5.06 update 7 (build 960) Tool: armlink [4d3601]

==============================================================================

Section Cross References

    main.o(i.led2_task) refers to heap_4.o(i.pvPortMalloc) for pvPortMalloc
    main.o(i.led2_task) refers to printf2.o(i.__0sprintf$2) for __2sprintf
    main.o(i.led2_task) refers to led.o(i.led_off) for led_off
    main.o(i.led2_task) refers to queue.o(i.xQueueGenericSend) for xQueueGenericSend
    main.o(i.led2_task) refers to tasks.o(i.vTaskDelay) for vTaskDelay
    main.o(i.led2_task) refers to main.o(.data) for .data
    main.o(i.led_task) refers to heap_4.o(i.pvPortMalloc) for pvPortMalloc
    main.o(i.led_task) refers to printf2.o(i.__0sprintf$2) for __2sprintf
    main.o(i.led_task) refers to led.o(i.led_on) for led_on
    main.o(i.led_task) refers to queue.o(i.xQueueGenericSend) for xQueueGenericSend
    main.o(i.led_task) refers to tasks.o(i.vTaskDelay) for vTaskDelay
    main.o(i.led_task) refers to main.o(.data) for .data
    main.o(i.main) refers to led.o(i.leds_all_init) for leds_all_init
    main.o(i.main) refers to usart.o(i.usart_init) for usart_init
    main.o(i.main) refers to printf2.o(i.__0printf$2) for __2printf
    main.o(i.main) refers to queue.o(i.xQueueGenericCreate) for xQueueGenericCreate
    main.o(i.main) refers to tasks.o(i.xTaskCreate) for xTaskCreate
    main.o(i.main) refers to tasks.o(i.vTaskStartScheduler) for vTaskStartScheduler
    main.o(i.main) refers to main.o(.data) for .data
    main.o(i.main) refers to main.o(i.start_task) for start_task
    main.o(i.prvGatekeeperTask) refers to queue.o(i.xQueueReceive) for xQueueReceive
    main.o(i.prvGatekeeperTask) refers to printf2.o(i.__0printf$2) for __2printf
    main.o(i.prvGatekeeperTask) refers to main.o(.data) for .data
    main.o(i.start_task) refers to port.o(i.vPortEnterCritical) for vPortEnterCritical
    main.o(i.start_task) refers to tasks.o(i.xTaskCreate) for xTaskCreate
    main.o(i.start_task) refers to printf2.o(i.__0printf$2) for __2printf
    main.o(i.start_task) refers to port.o(i.vPortExitCritical) for vPortExitCritical
    main.o(i.start_task) refers to tasks.o(i.vTaskDelete) for vTaskDelete
    main.o(i.start_task) refers to main.o(.data) for .data
    main.o(i.start_task) refers to main.o(i.led_task) for led_task
    main.o(i.start_task) refers to main.o(i.led2_task) for led2_task
    main.o(i.start_task) refers to main.o(i.prvGatekeeperTask) for prvGatekeeperTask
    main.o(.data) refers to main.o(.conststring) for .conststring
    isr.o(i.TIMER0_UP_IRQHandler) refers to gd32f30x_timer.o(i.timer_interrupt_flag_get) for timer_interrupt_flag_get
    isr.o(i.TIMER0_UP_IRQHandler) refers to gd32f30x_timer.o(i.timer_interrupt_flag_clear) for timer_interrupt_flag_clear
    isr.o(i.TIMER1_IRQHandler) refers to gd32f30x_timer.o(i.timer_interrupt_flag_get) for timer_interrupt_flag_get
    isr.o(i.TIMER1_IRQHandler) refers to gd32f30x_timer.o(i.timer_interrupt_flag_clear) for timer_interrupt_flag_clear
    isr.o(i.TIMER2_IRQHandler) refers to gd32f30x_timer.o(i.timer_interrupt_flag_get) for timer_interrupt_flag_get
    isr.o(i.TIMER2_IRQHandler) refers to gd32f30x_timer.o(i.timer_interrupt_flag_clear) for timer_interrupt_flag_clear
    isr.o(i.TIMER3_IRQHandler) refers to gd32f30x_timer.o(i.timer_interrupt_flag_get) for timer_interrupt_flag_get
    isr.o(i.TIMER3_IRQHandler) refers to gd32f30x_timer.o(i.timer_interrupt_flag_clear) for timer_interrupt_flag_clear
    isr.o(i.TIMER4_IRQHandler) refers to gd32f30x_timer.o(i.timer_interrupt_flag_get) for timer_interrupt_flag_get
    isr.o(i.TIMER4_IRQHandler) refers to gd32f30x_timer.o(i.timer_interrupt_flag_clear) for timer_interrupt_flag_clear
    isr.o(i.TIMER5_IRQHandler) refers to gd32f30x_timer.o(i.timer_interrupt_flag_get) for timer_interrupt_flag_get
    isr.o(i.TIMER5_IRQHandler) refers to gd32f30x_timer.o(i.timer_interrupt_flag_clear) for timer_interrupt_flag_clear
    isr.o(i.TIMER6_IRQHandler) refers to gd32f30x_timer.o(i.timer_interrupt_flag_get) for timer_interrupt_flag_get
    isr.o(i.TIMER6_IRQHandler) refers to gd32f30x_timer.o(i.timer_interrupt_flag_clear) for timer_interrupt_flag_clear
    isr.o(i.TIMER7_UP_IRQHandler) refers to gd32f30x_timer.o(i.timer_interrupt_flag_get) for timer_interrupt_flag_get
    isr.o(i.TIMER7_UP_IRQHandler) refers to gd32f30x_timer.o(i.timer_interrupt_flag_clear) for timer_interrupt_flag_clear
    isr.o(i.USART0_IRQHandler) refers to gd32f30x_usart.o(i.usart_interrupt_flag_get) for usart_interrupt_flag_get
    isr.o(i.USART0_IRQHandler) refers to gd32f30x_usart.o(i.usart_interrupt_flag_clear) for usart_interrupt_flag_clear
    isr.o(i.USART1_IRQHandler) refers to gd32f30x_usart.o(i.usart_interrupt_flag_get) for usart_interrupt_flag_get
    isr.o(i.USART1_IRQHandler) refers to gd32f30x_usart.o(i.usart_interrupt_flag_clear) for usart_interrupt_flag_clear
[...]
    Removing gd32f30x_timer.o(i.timer_output_value_selection_config), (32 bytes).
    Removing gd32f30x_timer.o(i.timer_prescaler_config), (16 bytes).
    Removing gd32f30x_timer.o(i.timer_prescaler_read), (6 bytes).
    Removing gd32f30x_timer.o(i.timer_primary_output_config), (24 bytes).
    Removing gd32f30x_timer.o(i.timer_quadrature_decoder_mode_config), (64 bytes).
    Removing gd32f30x_timer.o(i.timer_repetition_value_config), (4 bytes).
    Removing gd32f30x_timer.o(i.timer_single_pulse_mode_config), (28 bytes).
    Removing gd32f30x_timer.o(i.timer_slave_mode_select), (16 bytes).
    Removing gd32f30x_timer.o(i.timer_struct_para_init), (20 bytes).
    Removing gd32f30x_timer.o(i.timer_update_event_disable), (10 bytes).
    Removing gd32f30x_timer.o(i.timer_update_event_enable), (10 bytes).
    Removing gd32f30x_timer.o(i.timer_update_source_config), (28 bytes).
    Removing gd32f30x_timer.o(i.timer_write_chxval_register_config), (32 bytes).
    Removing gd32f30x_usart.o(.rev16_text), (4 bytes).
    Removing gd32f30x_usart.o(.revsh_text), (4 bytes).
    Removing gd32f30x_usart.o(i.usart_address_config), (20 bytes).
    Removing gd32f30x_usart.o(i.usart_block_length_config), (20 bytes).
    Removing gd32f30x_usart.o(i.usart_data_first_config), (18 bytes).
    Removing gd32f30x_usart.o(i.usart_data_receive), (8 bytes).
    Removing gd32f30x_usart.o(i.usart_disable), (10 bytes).
    Removing gd32f30x_usart.o(i.usart_dma_receive_config), (20 bytes).
    Removing gd32f30x_usart.o(i.usart_dma_transmit_config), (20 bytes).
    Removing gd32f30x_usart.o(i.usart_flag_clear), (18 bytes).
    Removing gd32f30x_usart.o(i.usart_guard_time_config), (18 bytes).
    Removing gd32f30x_usart.o(i.usart_halfduplex_disable), (10 bytes).
    Removing gd32f30x_usart.o(i.usart_halfduplex_enable), (10 bytes).
    Removing gd32f30x_usart.o(i.usart_interrupt_disable), (20 bytes).
    Removing gd32f30x_usart.o(i.usart_invert_config), (86 bytes).
    Removing gd32f30x_usart.o(i.usart_irda_lowpower_config), (20 bytes).
    Removing gd32f30x_usart.o(i.usart_irda_mode_disable), (10 bytes).
    Removing gd32f30x_usart.o(i.usart_irda_mode_enable), (10 bytes).
    Removing gd32f30x_usart.o(i.usart_lin_break_detection_length_config), (20 bytes).
    Removing gd32f30x_usart.o(i.usart_lin_mode_disable), (10 bytes).
    Removing gd32f30x_usart.o(i.usart_lin_mode_enable), (10 bytes).
    Removing gd32f30x_usart.o(i.usart_mute_mode_disable), (10 bytes).
    Removing gd32f30x_usart.o(i.usart_mute_mode_enable), (10 bytes).
    Removing gd32f30x_usart.o(i.usart_mute_mode_wakeup_config), (16 bytes).
    Removing gd32f30x_usart.o(i.usart_prescaler_config), (16 bytes).
    Removing gd32f30x_usart.o(i.usart_receiver_timeout_disable), (12 bytes).
    Removing gd32f30x_usart.o(i.usart_receiver_timeout_enable), (12 bytes).
    Removing gd32f30x_usart.o(i.usart_receiver_timeout_threshold_config), (18 bytes).
    Removing gd32f30x_usart.o(i.usart_send_break), (10 bytes).
    Removing gd32f30x_usart.o(i.usart_smartcard_autoretry_config), (24 bytes).
    Removing gd32f30x_usart.o(i.usart_smartcard_mode_disable), (10 bytes).
    Removing gd32f30x_usart.o(i.usart_smartcard_mode_enable), (10 bytes).
    Removing gd32f30x_usart.o(i.usart_smartcard_mode_nack_disable), (10 bytes).
    Removing gd32f30x_usart.o(i.usart_smartcard_mode_nack_enable), (10 bytes).
    Removing gd32f30x_usart.o(i.usart_synchronous_clock_config), (34 bytes).
    Removing gd32f30x_usart.o(i.usart_synchronous_clock_disable), (10 bytes).
    Removing gd32f30x_usart.o(i.usart_synchronous_clock_enable), (10 bytes).
    Removing gd32f30x_wwdgt.o(.rev16_text), (4 bytes).
    Removing gd32f30x_wwdgt.o(.revsh_text), (4 bytes).
    Removing gd32f30x_wwdgt.o(i.wwdgt_config), (24 bytes).
    Removing gd32f30x_wwdgt.o(i.wwdgt_counter_update), (16 bytes).
    Removing gd32f30x_wwdgt.o(i.wwdgt_deinit), (22 bytes).
    Removing gd32f30x_wwdgt.o(i.wwdgt_enable), (16 bytes).
    Removing gd32f30x_wwdgt.o(i.wwdgt_flag_clear), (12 bytes).
    Removing gd32f30x_wwdgt.o(i.wwdgt_flag_get), (20 bytes).
    Removing gd32f30x_wwdgt.o(i.wwdgt_interrupt_enable), (16 bytes).
    Removing startup_gd32f30x_hd.o(HEAP), (1024 bytes).
    Removing system_gd32f30x.o(.rev16_text), (4 bytes).
    Removing system_gd32f30x.o(.revsh_text), (4 bytes).
    Removing system_gd32f30x.o(i.SystemCoreClockUpdate), (192 bytes).
    Removing system_gd32f30x.o(.data), (4 bytes).
    Removing event_groups.o(i.prvTestWaitCondition), (24 bytes).
    Removing event_groups.o(i.vEventGroupClearBitsCallback), (4 bytes).
    Removing event_groups.o(i.vEventGroupDelete), (44 bytes).
    Removing event_groups.o(i.vEventGroupSetBitsCallback), (4 bytes).
    Removing event_groups.o(i.xEventGroupClearBits), (26 bytes).
    Removing event_groups.o(i.xEventGroupCreate), (26 bytes).
    Removing event_groups.o(i.xEventGroupGetBitsFromISR), (26 bytes).
    Removing event_groups.o(i.xEventGroupSetBits), (118 bytes).
    Removing event_groups.o(i.xEventGroupSync), (136 bytes).
    Removing event_groups.o(i.xEventGroupWaitBits), (188 bytes).
    Removing queue.o(i.prvGetDisinheritPriorityAfterTimeout), (20 bytes).
    Removing queue.o(i.prvInitialiseMutex), (24 bytes).
    Removing queue.o(i.uxQueueMessagesWaiting), (18 bytes).
    Removing queue.o(i.uxQueueMessagesWaitingFromISR), (4 bytes).
    Removing queue.o(i.uxQueueSpacesAvailable), (22 bytes).
    Removing queue.o(i.vQueueDelete), (4 bytes).
    Removing queue.o(i.xQueueCreateMutex), (24 bytes).
    Removing queue.o(i.xQueueGenericSendFromISR), (112 bytes).
    Removing queue.o(i.xQueueGiveFromISR), (102 bytes).
    Removing queue.o(i.xQueueIsQueueEmptyFromISR), (14 bytes).
    Removing queue.o(i.xQueueIsQueueFullFromISR), (16 bytes).
    Removing queue.o(i.xQueuePeek), (240 bytes).
    Removing queue.o(i.xQueuePeekFromISR), (50 bytes).
    Removing queue.o(i.xQueueReceiveFromISR), (110 bytes).
    Removing queue.o(i.xQueueSemaphoreTake), (292 bytes).
    Removing stream_buffer.o(i.prvBytesInBuffer), (18 bytes).
    Removing stream_buffer.o(i.prvInitialiseNewStreamBuffer), (38 bytes).
    Removing stream_buffer.o(i.prvReadBytesFromBuffer), (64 bytes).
    Removing stream_buffer.o(i.prvReadMessageFromBuffer), (72 bytes).
    Removing stream_buffer.o(i.prvWriteBytesToBuffer), (64 bytes).
    Removing stream_buffer.o(i.prvWriteMessageToBuffer), (70 bytes).
    Removing stream_buffer.o(i.vStreamBufferDelete), (16 bytes).
    Removing stream_buffer.o(i.xStreamBufferBytesAvailable), (4 bytes).
    Removing stream_buffer.o(i.xStreamBufferGenericCreate), (80 bytes).
    Removing stream_buffer.o(i.xStreamBufferIsEmpty), (16 bytes).
    Removing stream_buffer.o(i.xStreamBufferIsFull), (30 bytes).
    Removing stream_buffer.o(i.xStreamBufferNextMessageLengthBytes), (44 bytes).
    Removing stream_buffer.o(i.xStreamBufferReceive), (172 bytes).
    Removing stream_buffer.o(i.xStreamBufferReceiveCompletedFromISR), (60 bytes).
    Removing stream_buffer.o(i.xStreamBufferReceiveFromISR), (110 bytes).
    Removing stream_buffer.o(i.xStreamBufferReset), (50 bytes).
    Removing stream_buffer.o(i.xStreamBufferSend), (200 bytes).
    Removing stream_buffer.o(i.xStreamBufferSendCompletedFromISR), (60 bytes).
    Removing stream_buffer.o(i.xStreamBufferSendFromISR), (116 bytes).
    Removing stream_buffer.o(i.xStreamBufferSetTriggerLevel), (22 bytes).
    Removing stream_buffer.o(i.xStreamBufferSpacesAvailable), (32 bytes).
    Removing tasks.o(i.pcTaskGetName), (16 bytes).
    Removing tasks.o(i.prvTaskIsTaskSuspended), (32 bytes).
    Removing tasks.o(i.pvTaskIncrementMutexHeldCount), (24 bytes).
    Removing tasks.o(i.ulTaskGenericNotifyTake), (132 bytes).
    Removing tasks.o(i.ulTaskGenericNotifyValueClear), (48 bytes).
    Removing tasks.o(i.uxTaskGetNumberOfTasks), (12 bytes).
    Removing tasks.o(i.uxTaskPriorityGet), (28 bytes).
    Removing tasks.o(i.uxTaskPriorityGetFromISR), (40 bytes).
    Removing tasks.o(i.uxTaskResetEventItemValue), (24 bytes).
    Removing tasks.o(i.vTaskEndScheduler), (28 bytes).
    Removing tasks.o(i.vTaskGenericNotifyGiveFromISR), (232 bytes).
    Removing tasks.o(i.vTaskPlaceOnUnorderedEventList), (64 bytes).
    Removing tasks.o(i.vTaskPriorityDisinheritAfterTimeout), (156 bytes).
    Removing tasks.o(i.vTaskPrioritySet), (216 bytes).
    Removing tasks.o(i.vTaskRemoveFromUnorderedEventList), (164 bytes).
    Removing tasks.o(i.vTaskResume), (148 bytes).
    Removing tasks.o(i.vTaskSetTimeOutState), (32 bytes).
    Removing tasks.o(i.vTaskSuspend), (176 bytes).
    Removing tasks.o(i.xTaskCatchUpTicks), (36 bytes).
    Removing tasks.o(i.xTaskDelayUntil), (92 bytes).
    Removing tasks.o(i.xTaskGenericNotify), (248 bytes).
    Removing tasks.o(i.xTaskGenericNotifyFromISR), (336 bytes).
    Removing tasks.o(i.xTaskGenericNotifyStateClear), (56 bytes).
    Removing tasks.o(i.xTaskGenericNotifyWait), (168 bytes).
    Removing tasks.o(i.xTaskGetCurrentTaskHandle), (12 bytes).
    Removing tasks.o(i.xTaskGetSchedulerState), (28 bytes).
    Removing tasks.o(i.xTaskGetTickCountFromISR), (12 bytes).
    Removing tasks.o(i.xTaskPriorityInherit), (180 bytes).
    Removing tasks.o(i.xTaskResumeFromISR), (168 bytes).
    Removing timers.o(i.pcTimerGetName), (4 bytes).
    Removing timers.o(i.prvInitialiseNewTimer), (56 bytes).
    Removing timers.o(i.pvTimerGetTimerID), (18 bytes).
    Removing timers.o(i.uxTimerGetReloadMode), (4 bytes).
    Removing timers.o(i.vTimerSetReloadMode), (42 bytes).
    Removing timers.o(i.vTimerSetTimerID), (20 bytes).
    Removing timers.o(i.xTimerCreate), (52 bytes).
    Removing timers.o(i.xTimerGenericCommand), (84 bytes).
    Removing timers.o(i.xTimerGetExpiryTime), (4 bytes).
    Removing timers.o(i.xTimerGetPeriod), (4 bytes).
    Removing timers.o(i.xTimerGetReloadMode), (30 bytes).
    Removing timers.o(i.xTimerGetTimerDaemonTaskHandle), (12 bytes).
    Removing timers.o(i.xTimerIsTimerActive), (30 bytes).
    Removing heap_4.o(i.pvPortCalloc), (42 bytes).
    Removing heap_4.o(i.vPortGetHeapStats), (112 bytes).
    Removing heap_4.o(i.vPortInitialiseBlocks), (2 bytes).
    Removing heap_4.o(i.xPortGetFreeHeapSize), (12 bytes).
    Removing heap_4.o(i.xPortGetMinimumEverFreeHeapSize), (12 bytes).
    Removing port.o(i.vPortEndScheduler), (2 bytes).
    Removing dadd.o(.text), (334 bytes).
    Removing dmul.o(.text), (228 bytes).
    Removing ddiv.o(.text), (222 bytes).
    Removing dfixul.o(.text), (48 bytes).
    Removing cdrcmple.o(.text), (48 bytes).
    Removing depilogue.o(.text), (186 bytes).

748 unused section(s) (total 29068 bytes) removed from the image.

==============================================================================

Image Symbol Table

    Local Symbols

    Symbol Name                              Value     Ov Type        Size  Object(Section)

    ../clib/microlib/division.c              0x00000000   Number         0  uldiv.o ABSOLUTE
    ../clib/microlib/division.c              0x00000000   Number         0  uidiv.o ABSOLUTE
    ../clib/microlib/init/entry.s            0x00000000   Number         0  entry7a.o ABSOLUTE
    ../clib/microlib/init/entry.s            0x00000000   Number         0  entry9b.o ABSOLUTE
    ../clib/microlib/init/entry.s            0x00000000   Number         0  entry10b.o ABSOLUTE
    ../clib/microlib/init/entry.s            0x00000000   Number         0  entry10a.o ABSOLUTE
    ../clib/microlib/init/entry.s            0x00000000   Number         0  entry11a.o ABSOLUTE
    ../clib/microlib/init/entry.s            0x00000000   Number         0  entry8a.o ABSOLUTE
    ../clib/microlib/init/entry.s            0x00000000   Number         0  entry7b.o ABSOLUTE
    ../clib/microlib/init/entry.s            0x00000000   Number         0  entry.o ABSOLUTE
    ../clib/microlib/init/entry.s            0x00000000   Number         0  entry8b.o ABSOLUTE
    ../clib/microlib/init/entry.s            0x00000000   Number         0  entry12b.o ABSOLUTE
    ../clib/microlib/init/entry.s            0x00000000   Number         0  entry2.o ABSOLUTE
    ../clib/microlib/init/entry.s            0x00000000   Number         0  entry12a.o ABSOLUTE
    ../clib/microlib/init/entry.s            0x00000000   Number         0  entry11b.o ABSOLUTE
    ../clib/microlib/init/entry.s            0x00000000   Number         0  entry9a.o ABSOLUTE
    ../clib/microlib/init/entry.s            0x00000000   Number         0  entry5.o ABSOLUTE
    ../clib/microlib/longlong.c              0x00000000   Number         0  llshl.o ABSOLUTE
    ../clib/microlib/longlong.c              0x00000000   Number         0  llushr.o ABSOLUTE
    ../clib/microlib/longlong.c              0x00000000   Number         0  llsshr.o ABSOLUTE
    ../clib/microlib/printf/printf.c         0x00000000   Number         0  printf2.o ABSOLUTE
    ../clib/microlib/printf/printf.c         0x00000000   Number         0  printf4.o ABSOLUTE
    ../clib/microlib/printf/printf.c         0x00000000   Number         0  printf6.o ABSOLUTE
    ../clib/microlib/printf/printf.c         0x00000000   Number         0  printfa.o ABSOLUTE
    ../clib/microlib/printf/printf.c         0x00000000   Number         0  printf5.o ABSOLUTE
    ../clib/microlib/printf/printf.c         0x00000000   Number         0  printf7.o ABSOLUTE
    ../clib/microlib/printf/printf.c         0x00000000   Number         0  printf3.o ABSOLUTE
    ../clib/microlib/printf/printf.c         0x00000000   Number         0  printf8.o ABSOLUTE
    ../clib/microlib/printf/printf.c         0x00000000   Number         0  printf1.o ABSOLUTE
    ../clib/microlib/printf/printf.c         0x00000000   Number         0  printf0.o ABSOLUTE
    ../clib/microlib/printf/printf.c         0x00000000   Number         0  printfb.o ABSOLUTE
    ../clib/microlib/printf/stubs.s          0x00000000   Number         0  stubs.o ABSOLUTE
    ../clib/microlib/stdio/streams.c         0x00000000   Number         0  stdout.o ABSOLUTE
    ../clib/microlib/string/memcpy.c         0x00000000   Number         0  memcpya.o ABSOLUTE
    ../clib/microlib/string/memcpy.c         0x00000000   Number         0  memcpyb.o ABSOLUTE
    ../clib/microlib/string/memset.c         0x00000000   Number         0  memseta.o ABSOLUTE
    ../clib/microlib/stubs.s                 0x00000000   Number         0  iusefp.o ABSOLUTE
    ../fplib/microlib/fpadd.c                0x00000000   Number         0  dadd.o ABSOLUTE
    ../fplib/microlib/fpdiv.c                0x00000000   Number         0  ddiv.o ABSOLUTE
    ../fplib/microlib/fpepilogue.c           0x00000000   Number         0  depilogue.o ABSOLUTE
    ../fplib/microlib/fpfix.c                0x00000000   Number         0  dfixul.o ABSOLUTE
    ../fplib/microlib/fpmul.c                0x00000000   Number         0  dmul.o ABSOLUTE
    ..\\freertos\\portable\\RVDS\\ARM_CM4F\\port.c 0x00000000   Number         0  port.o ABSOLUTE
    ..\\lib\\GD32F30x_standard_peripheral\\Source\\gd32f30x_adc.c 0x00000000   Number         0  gd32f30x_adc.o ABSOLUTE
    ..\\lib\\GD32F30x_standard_peripheral\\Source\\gd32f30x_bkp.c 0x00000000   Number         0  gd32f30x_bkp.o ABSOLUTE
    ..\\lib\\GD32F30x_standard_peripheral\\Source\\gd32f30x_can.c 0x00000000   Number         0  gd32f30x_can.o ABSOLUTE
    ..\\lib\\GD32F30x_standard_peripheral\\Source\\gd32f30x_crc.c 0x00000000   Number         0  gd32f30x_crc.o ABSOLUTE
    ..\\lib\\GD32F30x_standard_peripheral\\Source\\gd32f30x_ctc.c 0x00000000   Number         0  gd32f30x_ctc.o ABSOLUTE
    ..\\lib\\GD32F30x_standard_peripheral\\Source\\gd32f30x_dac.c 0x00000000   Number         0  gd32f30x_dac.o ABSOLUTE
    ..\\lib\\GD32F30x_standard_peripheral\\Source\\gd32f30x_dbg.c 0x00000000   Number         0  gd32f30x_dbg.o ABSOLUTE
    ..\\lib\\GD32F30x_standard_peripheral\\Source\\gd32f30x_dma.c 0x00000000   Number         0  gd32f30x_dma.o ABSOLUTE
    ..\\lib\\GD32F30x_standard_peripheral\\Source\\gd32f30x_enet.c 0x00000000   Number         0  gd32f30x_enet.o ABSOLUTE
    ..\\lib\\GD32F30x_standard_peripheral\\Source\\gd32f30x_exmc.c 0x00000000   Number         0  gd32f30x_exmc.o ABSOLUTE
    ..\\lib\\GD32F30x_standard_peripheral\\Source\\gd32f30x_exti.c 0x00000000   Number         0  gd32f30x_exti.o ABSOLUTE
    ..\\lib\\GD32F30x_standard_peripheral\\Source\\gd32f30x_fmc.c 0x00000000   Number         0  gd32f30x_fmc.o ABSOLUTE
    ..\\lib\\GD32F30x_standard_peripheral\\Source\\gd32f30x_fwdgt.c 0x00000000   Number         0  gd32f30x_fwdgt.o ABSOLUTE
    ..\\lib\\GD32F30x_standard_peripheral\\Source\\gd32f30x_gpio.c 0x00000000   Number         0  gd32f30x_gpio.o ABSOLUTE
    ..\\lib\\GD32F30x_standard_peripheral\\Source\\gd32f30x_i2c.c 0x00000000   Number         0  gd32f30x_i2c.o ABSOLUTE
    ..\\lib\\GD32F30x_standard_peripheral\\Source\\gd32f30x_misc.c 0x00000000   Number         0  gd32f30x_misc.o ABSOLUTE
    ..\\lib\\GD32F30x_standard_peripheral\\Source\\gd32f30x_pmu.c 0x00000000   Number         0  gd32f30x_pmu.o ABSOLUTE
    ..\\lib\\GD32F30x_standard_peripheral\\Source\\gd32f30x_rcu.c 0x00000000   Number         0  gd32f30x_rcu.o ABSOLUTE
    ..\\lib\\GD32F30x_standard_peripheral\\Source\\gd32f30x_rtc.c 0x00000000   Number         0  gd32f30x_rtc.o ABSOLUTE
    ..\\lib\\GD32F30x_standard_peripheral\\Source\\gd32f30x_sdio.c 0x00000000   Number         0  gd32f30x_sdio.o ABSOLUTE
    ..\\lib\\GD32F30x_standard_peripheral\\Source\\gd32f30x_spi.c 0x00000000   Number         0  gd32f30x_spi.o ABSOLUTE
    ..\\lib\\GD32F30x_standard_peripheral\\Source\\gd32f30x_timer.c 0x00000000   Number         0  gd32f30x_timer.o ABSOLUTE
    ..\\lib\\GD32F30x_standard_peripheral\\Source\\gd32f30x_usart.c 0x00000000   Number         0  gd32f30x_usart.o ABSOLUTE
    ..\\lib\\GD32F30x_standard_peripheral\\Source\\gd32f30x_wwdgt.c 0x00000000   Number         0  gd32f30x_wwdgt.o ABSOLUTE
    ..\\src\\led.c                           0x00000000   Number         0  led.o ABSOLUTE
    ..\\src\\usart.c                         0x00000000   Number         0  usart.o ABSOLUTE
    ..\freertos\croutine.c                   0x00000000   Number         0  croutine.o ABSOLUTE
    ..\freertos\event_groups.c               0x00000000   Number         0  event_groups.o ABSOLUTE
    ..\freertos\list.c                       0x00000000   Number         0  list.o ABSOLUTE
    ..\freertos\portable\MemMang\heap_4.c    0x00000000   Number         0  heap_4.o ABSOLUTE
    ..\freertos\portable\RVDS\ARM_CM4F\port.c 0x00000000   Number         0  port.o ABSOLUTE
    ..\freertos\queue.c                      0x00000000   Number         0  queue.o ABSOLUTE
    ..\freertos\stream_buffer.c              0x00000000   Number         0  stream_buffer.o ABSOLUTE
    ..\freertos\tasks.c                      0x00000000   Number         0  tasks.o ABSOLUTE
    ..\freertos\timers.c                     0x00000000   Number         0  timers.o ABSOLUTE
    ..\lib\GD32F30x_standard_peripheral\Source\gd32f30x_adc.c 0x00000000   Number         0  gd32f30x_adc.o ABSOLUTE
    ..\lib\GD32F30x_standard_peripheral\Source\gd32f30x_bkp.c 0x00000000   Number         0  gd32f30x_bkp.o ABSOLUTE
    ..\lib\GD32F30x_standard_peripheral\Source\gd32f30x_can.c 0x00000000   Number         0  gd32f30x_can.o ABSOLUTE
    ..\lib\GD32F30x_standard_peripheral\Source\gd32f30x_crc.c 0x00000000   Number         0  gd32f30x_crc.o ABSOLUTE
    ..\lib\GD32F30x_standard_peripheral\Source\gd32f30x_ctc.c 0x00000000   Number         0  gd32f30x_ctc.o ABSOLUTE
    ..\lib\GD32F30x_standard_peripheral\Source\gd32f30x_dac.c 0x00000000   Number         0  gd32f30x_dac.o ABSOLUTE
    ..\lib\GD32F30x_standard_peripheral\Source\gd32f30x_dbg.c 0x00000000   Number         0  gd32f30x_dbg.o ABSOLUTE
    ..\lib\GD32F30x_standard_peripheral\Source\gd32f30x_dma.c 0x00000000   Number         0  gd32f30x_dma.o ABSOLUTE
    ..\lib\GD32F30x_standard_peripheral\Source\gd32f30x_enet.c 0x00000000   Number         0  gd32f30x_enet.o ABSOLUTE
    ..\lib\GD32F30x_standard_peripheral\Source\gd32f30x_exmc.c 0x00000000   Number         0  gd32f30x_exmc.o ABSOLUTE
    ..\lib\GD32F30x_standard_peripheral\Source\gd32f30x_exti.c 0x00000000   Number         0  gd32f30x_exti.o ABSOLUTE
    ..\lib\GD32F30x_standard_peripheral\Source\gd32f30x_fmc.c 0x00000000   Number         0  gd32f30x_fmc.o ABSOLUTE
    ..\lib\GD32F30x_standard_peripheral\Source\gd32f30x_fwdgt.c 0x00000000   Number         0  gd32f30x_fwdgt.o ABSOLUTE
    ..\lib\GD32F30x_standard_peripheral\Source\gd32f30x_gpio.c 0x00000000   Number         0  gd32f30x_gpio.o ABSOLUTE
    ..\lib\GD32F30x_standard_peripheral\Source\gd32f30x_i2c.c 0x00000000   Number         0  gd32f30x_i2c.o ABSOLUTE
    ..\lib\GD32F30x_standard_peripheral\Source\gd32f30x_misc.c 0x00000000   Number         0  gd32f30x_misc.o ABSOLUTE
    ..\lib\GD32F30x_standard_peripheral\Source\gd32f30x_pmu.c 0x00000000   Number         0  gd32f30x_pmu.o ABSOLUTE
    ..\lib\GD32F30x_standard_peripheral\Source\gd32f30x_rcu.c 0x00000000   Number         0  gd32f30x_rcu.o ABSOLUTE
    ..\lib\GD32F30x_standard_peripheral\Source\gd32f30x_rtc.c 0x00000000   Number         0  gd32f30x_rtc.o ABSOLUTE
    ..\lib\GD32F30x_standard_peripheral\Source\gd32f30x_sdio.c 0x00000000   Number         0  gd32f30x_sdio.o ABSOLUTE
    ..\lib\GD32F30x_standard_peripheral\Source\gd32f30x_spi.c 0x00000000   Number         0  gd32f30x_spi.o ABSOLUTE
    ..\lib\GD32F30x_standard_peripheral\Source\gd32f30x_timer.c 0x00000000   Number         0  gd32f30x_timer.o ABSOLUTE
    ..\lib\GD32F30x_standard_peripheral\Source\gd32f30x_usart.c 0x00000000   Number         0  gd32f30x_usart.o ABSOLUTE
    ..\lib\GD32F30x_standard_peripheral\Source\gd32f30x_wwdgt.c 0x00000000   Number         0  gd32f30x_wwdgt.o ABSOLUTE
    ..\src\led.c                             0x00000000   Number         0  led.o ABSOLUTE
    ..\src\usart.c                           0x00000000   Number         0  usart.o ABSOLUTE
    cdrcmple.s                               0x00000000   Number         0  cdrcmple.o ABSOLUTE
    dc.s                                     0x00000000   Number         0  dc.o ABSOLUTE
    handlers.s                               0x00000000   Number         0  handlers.o ABSOLUTE
    init.s                                   0x00000000   Number         0  init.o ABSOLUTE
    isr.c                                    0x00000000   Number         0  isr.o ABSOLUTE
    isr.c                                    0x00000000   Number         0  isr.o ABSOLUTE
    main.c                                   0x00000000   Number         0  main.o ABSOLUTE
    main.c                                   0x00000000   Number         0  main.o ABSOLUTE
    startup_gd32f30x_hd.s                    0x00000000   Number         0  startup_gd32f30x_hd.o ABSOLUTE
    system_gd32f30x.c                        0x00000000   Number         0  system_gd32f30x.o ABSOLUTE
    system_gd32f30x.c                        0x00000000   Number         0  system_gd32f30x.o ABSOLUTE
    systick.c                                0x00000000   Number         0  systick.o ABSOLUTE
    systick.c                                0x00000000   Number         0  systick.o ABSOLUTE
    RESET                                    0x08000000   Section      304  startup_gd32f30x_hd.o(RESET)
    .ARM.Collect$$$$00000000                 0x08000130   Section        0  entry.o(.ARM.Collect$$$$00000000)
    .ARM.Collect$$$$00000001                 0x08000130   Section        4  entry2.o(.ARM.Collect$$$$00000001)
    .ARM.Collect$$$$00000004                 0x08000134   Section        4  entry5.o(.ARM.Collect$$$$00000004)
    .ARM.Collect$$$$00000008                 0x08000138   Section        0  entry7b.o(.ARM.Collect$$$$00000008)
    .ARM.Collect$$$$0000000A                 0x08000138   Section        0  entry8b.o(.ARM.Collect$$$$0000000A)
    .ARM.Collect$$$$0000000B                 0x08000138   Section        8  entry9a.o(.ARM.Collect$$$$0000000B)
    .ARM.Collect$$$$0000000E                 0x08000140   Section        4  entry12b.o(.ARM.Collect$$$$0000000E)
    .ARM.Collect$$$$0000000F                 0x08000144   Section        0  entry10a.o(.ARM.Collect$$$$0000000F)
    .ARM.Collect$$$$00000011                 0x08000144   Section        0  entry11a.o(.ARM.Collect$$$$00000011)
    .ARM.Collect$$$$00002712                 0x08000144   Section        4  entry2.o(.ARM.Collect$$$$00002712)
    __lit__00000000                          0x08000144   Data           4  entry2.o(.ARM.Collect$$$$00002712)
    .emb_text                                0x08000148   Section      190  port.o(.emb_text)
    $v0                                      0x08000148   Number         0  port.o(.emb_text)
    .text                                    0x08000208   Section       40  startup_gd32f30x_hd.o(.text)
    $v0                                      0x08000208   Number         0  startup_gd32f30x_hd.o(.text)
    .text                                    0x08000230   Section        0  memcpya.o(.text)
    .text                                    0x08000254   Section        0  memseta.o(.text)
    .text                                    0x08000278   Section       36  init.o(.text)
    i.BusFault_Handler                       0x0800029c   Section        0  isr.o(i.BusFault_Handler)
    i.DebugMon_Handler                       0x0800029e   Section        0  isr.o(i.DebugMon_Handler)
    i.HardFault_Handler                      0x080002a0   Section        0  isr.o(i.HardFault_Handler)
    i.MemManage_Handler                      0x080002a2   Section        0  isr.o(i.MemManage_Handler)
    i.NMI_Handler                            0x080002a4   Section        0  isr.o(i.NMI_Handler)
    i.SysTick_Handler                        0x080002a8   Section        0  systick.o(i.SysTick_Handler)
    i.SystemInit                             0x080002b8   Section        0  system_gd32f30x.o(i.SystemInit)
    i.TIMER0_UP_IRQHandler                   0x0800033c   Section        0  isr.o(i.TIMER0_UP_IRQHandler)
    i.TIMER1_IRQHandler                      0x08000360   Section        0  isr.o(i.TIMER1_IRQHandler)
    i.TIMER2_IRQHandler                      0x08000380   Section        0  isr.o(i.TIMER2_IRQHandler)
    i.TIMER3_IRQHandler                      0x080003a4   Section        0  isr.o(i.TIMER3_IRQHandler)
    i.TIMER4_IRQHandler                      0x080003c8   Section        0  isr.o(i.TIMER4_IRQHandler)
    i.TIMER5_IRQHandler                      0x080003ec   Section        0  isr.o(i.TIMER5_IRQHandler)
    i.TIMER6_IRQHandler                      0x08000410   Section        0  isr.o(i.TIMER6_IRQHandler)
    i.TIMER7_UP_IRQHandler                   0x08000434   Section        0  isr.o(i.TIMER7_UP_IRQHandler)
    i.USART0_IRQHandler                      0x08000458   Section        0  isr.o(i.USART0_IRQHandler)
    i.USART1_IRQHandler                      0x08000480   Section        0  isr.o(i.USART1_IRQHandler)
    i.USART2_IRQHandler                      0x080004a8   Section        0  isr.o(i.USART2_IRQHandler)
    i.UsageFault_Handler                     0x080004d0   Section        0  isr.o(i.UsageFault_Handler)
    i.__0printf$2                            0x080004d4   Section        0  printf2.o(i.__0printf$2)
    i.__0sprintf$2                           0x080004f4   Section        0  printf2.o(i.__0sprintf$2)
    i.__scatterload_copy                     0x0800051c   Section       14  handlers.o(i.__scatterload_copy)
    i.__scatterload_null                     0x0800052a   Section        2  handlers.o(i.__scatterload_null)
    i.__scatterload_zeroinit                 0x0800052c   Section       14  handlers.o(i.__scatterload_zeroinit)
    i._printf_core                           0x0800053a   Section        0  printf2.o(i._printf_core)
    _printf_core                             0x0800053b   Thumb Code   214  printf2.o(i._printf_core)
    i._sputc                                 0x08000610   Section        0  printf2.o(i._sputc)
    _sputc                                   0x08000611   Thumb Code    10  printf2.o(i._sputc)
    i.fputc                                  0x0800061c   Section        0  usart.o(i.fputc)
    i.gpio_bit_reset                         0x08000640   Section        0  gd32f30x_gpio.o(i.gpio_bit_reset)
    i.gpio_bit_set                           0x08000644   Section        0  gd32f30x_gpio.o(i.gpio_bit_set)
    i.gpio_init                              0x08000648   Section        0  gd32f30x_gpio.o(i.gpio_init)
    i.led2_task                              0x080006ec   Section        0  main.o(i.led2_task)
    led2_task                                0x080006ed   Thumb Code    44  main.o(i.led2_task)
    i.led_off                                0x08000720   Section        0  led.o(i.led_off)
    i.led_on                                 0x08000738   Section        0  led.o(i.led_on)
    i.led_single_init                        0x08000750   Section        0  led.o(i.led_single_init)
    i.led_task                               0x0800078c   Section        0  main.o(i.led_task)
    led_task                                 0x0800078d   Thumb Code    44  main.o(i.led_task)
    i.leds_all_init                          0x080007c0   Section        0  led.o(i.leds_all_init)
    i.main                                   0x080007d4   Section        0  main.o(i.main)
    i.nvic_irq_enable                        0x08000880   Section        0  gd32f30x_misc.o(i.nvic_irq_enable)
    i.nvic_priority_group_set                0x0800091c   Section        0  gd32f30x_misc.o(i.nvic_priority_group_set)
    i.prvAddCurrentTaskToDelayedList         0x08000930   Section        0  tasks.o(i.prvAddCurrentTaskToDelayedList)
    prvAddCurrentTaskToDelayedList           0x08000931   Thumb Code   130  tasks.o(i.prvAddCurrentTaskToDelayedList)
    i.prvAddNewTaskToReadyList               0x080009bc   Section        0  tasks.o(i.prvAddNewTaskToReadyList)
    prvAddNewTaskToReadyList                 0x080009bd   Thumb Code   156  tasks.o(i.prvAddNewTaskToReadyList)
    i.prvCheckForValidListAndQueue           0x08000a64   Section        0  timers.o(i.prvCheckForValidListAndQueue)
    prvCheckForValidListAndQueue             0x08000a65   Thumb Code    54  timers.o(i.prvCheckForValidListAndQueue)
    i.prvCheckTasksWaitingTermination        0x08000aa4   Section        0  tasks.o(i.prvCheckTasksWaitingTermination)
    prvCheckTasksWaitingTermination          0x08000aa5   Thumb Code    52  tasks.o(i.prvCheckTasksWaitingTermination)
    i.prvCopyDataFromQueue                   0x08000ae0   Section        0  queue.o(i.prvCopyDataFromQueue)
    prvCopyDataFromQueue                     0x08000ae1   Thumb Code    40  queue.o(i.prvCopyDataFromQueue)
    i.prvCopyDataToQueue                     0x08000b08   Section        0  queue.o(i.prvCopyDataToQueue)
    prvCopyDataToQueue                       0x08000b09   Thumb Code   110  queue.o(i.prvCopyDataToQueue)
    i.prvDeleteTCB                           0x08000b76   Section        0  tasks.o(i.prvDeleteTCB)
    prvDeleteTCB                             0x08000b77   Thumb Code    20  tasks.o(i.prvDeleteTCB)
    i.prvGatekeeperTask                      0x08000b8c   Section        0  main.o(i.prvGatekeeperTask)
    prvGatekeeperTask                        0x08000b8d   Thumb Code    28  main.o(i.prvGatekeeperTask)
    i.prvGetNextExpireTime                   0x08000bb4   Section        0  timers.o(i.prvGetNextExpireTime)
    prvGetNextExpireTime                     0x08000bb5   Thumb Code    30  timers.o(i.prvGetNextExpireTime)
    i.prvHeapInit                            0x08000bd8   Section        0  heap_4.o(i.prvHeapInit)
    prvHeapInit                              0x08000bd9   Thumb Code    62  heap_4.o(i.prvHeapInit)
    i.prvIdleTask                            0x08000c20   Section        0  tasks.o(i.prvIdleTask)
    prvIdleTask                              0x08000c21   Thumb Code    30  tasks.o(i.prvIdleTask)
    i.prvInitialiseNewQueue                  0x08000c48   Section        0  queue.o(i.prvInitialiseNewQueue)
    prvInitialiseNewQueue                    0x08000c49   Thumb Code    24  queue.o(i.prvInitialiseNewQueue)
    i.prvInitialiseNewTask                   0x08000c60   Section        0  tasks.o(i.prvInitialiseNewTask)
    prvInitialiseNewTask                     0x08000c61   Thumb Code   112  tasks.o(i.prvInitialiseNewTask)
    i.prvInitialiseTaskLists                 0x08000cd0   Section        0  tasks.o(i.prvInitialiseTaskLists)
    prvInitialiseTaskLists                   0x08000cd1   Thumb Code    78  tasks.o(i.prvInitialiseTaskLists)
    i.prvInsertBlockIntoFreeList             0x08000d28   Section        0  heap_4.o(i.prvInsertBlockIntoFreeList)
    prvInsertBlockIntoFreeList               0x08000d29   Thumb Code    78  heap_4.o(i.prvInsertBlockIntoFreeList)
    i.prvInsertTimerInActiveList             0x08000d7c   Section        0  timers.o(i.prvInsertTimerInActiveList)
    prvInsertTimerInActiveList               0x08000d7d   Thumb Code    60  timers.o(i.prvInsertTimerInActiveList)
    i.prvIsQueueEmpty                        0x08000dbc   Section        0  queue.o(i.prvIsQueueEmpty)
    prvIsQueueEmpty                          0x08000dbd   Thumb Code    26  queue.o(i.prvIsQueueEmpty)
    i.prvIsQueueFull                         0x08000dd6   Section        0  queue.o(i.prvIsQueueFull)
    prvIsQueueFull                           0x08000dd7   Thumb Code    30  queue.o(i.prvIsQueueFull)
    i.prvProcessExpiredTimer                 0x08000df4   Section        0  timers.o(i.prvProcessExpiredTimer)
    prvProcessExpiredTimer                   0x08000df5   Thumb Code    58  timers.o(i.prvProcessExpiredTimer)
    i.prvProcessReceivedCommands             0x08000e34   Section        0  timers.o(i.prvProcessReceivedCommands)
    prvProcessReceivedCommands               0x08000e35   Thumb Code   204  timers.o(i.prvProcessReceivedCommands)
    i.prvProcessTimerOrBlockTask             0x08000f04   Section        0  timers.o(i.prvProcessTimerOrBlockTask)
    prvProcessTimerOrBlockTask               0x08000f05   Thumb Code   100  timers.o(i.prvProcessTimerOrBlockTask)
    i.prvReloadTimer                         0x08000f70   Section        0  timers.o(i.prvReloadTimer)
    prvReloadTimer                           0x08000f71   Thumb Code    40  timers.o(i.prvReloadTimer)
    i.prvResetNextTaskUnblockTime            0x08000f98   Section        0  tasks.o(i.prvResetNextTaskUnblockTime)
    prvResetNextTaskUnblockTime              0x08000f99   Thumb Code    28  tasks.o(i.prvResetNextTaskUnblockTime)
    i.prvSampleTimeNow                       0x08000fb8   Section        0  timers.o(i.prvSampleTimeNow)
    prvSampleTimeNow                         0x08000fb9   Thumb Code    38  timers.o(i.prvSampleTimeNow)
    i.prvSwitchTimerLists                    0x08000fe4   Section        0  timers.o(i.prvSwitchTimerLists)
    prvSwitchTimerLists                      0x08000fe5   Thumb Code    38  timers.o(i.prvSwitchTimerLists)
    i.prvTaskExitError                       0x08001010   Section        0  port.o(i.prvTaskExitError)
    prvTaskExitError                         0x08001011   Thumb Code    16  port.o(i.prvTaskExitError)
    i.prvTimerTask                           0x08001020   Section        0  timers.o(i.prvTimerTask)
    prvTimerTask                             0x08001021   Thumb Code    20  timers.o(i.prvTimerTask)
    i.prvUnlockQueue                         0x08001034   Section        0  queue.o(i.prvUnlockQueue)
    prvUnlockQueue                           0x08001035   Thumb Code   106  queue.o(i.prvUnlockQueue)
    i.pvPortMalloc                           0x080010a0   Section        0  heap_4.o(i.pvPortMalloc)
    i.pxPortInitialiseStack                  0x08001140   Section        0  port.o(i.pxPortInitialiseStack)
    i.rcu_clock_freq_get                     0x08001164   Section        0  gd32f30x_rcu.o(i.rcu_clock_freq_get)
    i.rcu_periph_clock_enable                0x08001260   Section        0  gd32f30x_rcu.o(i.rcu_periph_clock_enable)
    i.rcu_periph_reset_disable               0x0800127c   Section        0  gd32f30x_rcu.o(i.rcu_periph_reset_disable)
    i.rcu_periph_reset_enable                0x08001298   Section        0  gd32f30x_rcu.o(i.rcu_periph_reset_enable)
    i.start_task                             0x080012b4   Section        0  main.o(i.start_task)
    start_task                               0x080012b5   Thumb Code   110  main.o(i.start_task)
    i.system_clock_120m_hxtal                0x08001370   Section        0  system_gd32f30x.o(i.system_clock_120m_hxtal)
    system_clock_120m_hxtal                  0x08001371   Thumb Code   170  system_gd32f30x.o(i.system_clock_120m_hxtal)
    i.system_clock_config                    0x0800142c   Section        0  system_gd32f30x.o(i.system_clock_config)
    system_clock_config                      0x0800142d   Thumb Code     4  system_gd32f30x.o(i.system_clock_config)
    i.timer_interrupt_flag_clear             0x08001430   Section        0  gd32f30x_timer.o(i.timer_interrupt_flag_clear)
    i.timer_interrupt_flag_get               0x08001436   Section        0  gd32f30x_timer.o(i.timer_interrupt_flag_get)
    i.usart_baudrate_set                     0x0800144c   Section        0  gd32f30x_usart.o(i.usart_baudrate_set)
    i.usart_data_transmit                    0x080014bc   Section        0  gd32f30x_usart.o(i.usart_data_transmit)
    i.usart_deinit                           0x080014c4   Section        0  gd32f30x_usart.o(i.usart_deinit)
    i.usart_enable                           0x08001554   Section        0  gd32f30x_usart.o(i.usart_enable)
    i.usart_flag_get                         0x0800155e   Section        0  gd32f30x_usart.o(i.usart_flag_get)
    i.usart_hardware_flow_cts_config         0x08001578   Section        0  gd32f30x_usart.o(i.usart_hardware_flow_cts_config)
    i.usart_hardware_flow_rts_config         0x0800158c   Section        0  gd32f30x_usart.o(i.usart_hardware_flow_rts_config)
    i.usart_init                             0x080015a0   Section        0  usart.o(i.usart_init)
    i.usart_interrupt_enable                 0x08001674   Section        0  gd32f30x_usart.o(i.usart_interrupt_enable)
    i.usart_interrupt_flag_clear             0x08001688   Section        0  gd32f30x_usart.o(i.usart_interrupt_flag_clear)
    i.usart_interrupt_flag_get               0x0800169a   Section        0  gd32f30x_usart.o(i.usart_interrupt_flag_get)
    i.usart_parity_config                    0x080016cc   Section        0  gd32f30x_usart.o(i.usart_parity_config)
    i.usart_receive_config                   0x080016dc   Section        0  gd32f30x_usart.o(i.usart_receive_config)
    i.usart_stop_bit_set                     0x080016f0   Section        0  gd32f30x_usart.o(i.usart_stop_bit_set)
    i.usart_transmit_config                  0x08001700   Section        0  gd32f30x_usart.o(i.usart_transmit_config)
    i.usart_word_length_set                  0x08001714   Section        0  gd32f30x_usart.o(i.usart_word_length_set)
    i.uxListRemove                           0x08001724   Section        0  list.o(i.uxListRemove)
    i.vListInitialise                        0x0800174a   Section        0  list.o(i.vListInitialise)
    i.vListInitialiseItem                    0x08001760   Section        0  list.o(i.vListInitialiseItem)
    i.vListInsert                            0x08001766   Section        0  list.o(i.vListInsert)
    i.vListInsertEnd                         0x08001796   Section        0  list.o(i.vListInsertEnd)
    i.vPortEnterCritical                     0x080017b0   Section        0  port.o(i.vPortEnterCritical)
    i.vPortExitCritical                      0x080017cc   Section        0  port.o(i.vPortExitCritical)
    i.vPortFree                              0x080017e4   Section        0  heap_4.o(i.vPortFree)
    i.vPortSetupTimerInterrupt               0x08001828   Section        0  port.o(i.vPortSetupTimerInterrupt)
    i.vQueueWaitForMessageRestricted         0x08001840   Section        0  queue.o(i.vQueueWaitForMessageRestricted)
    i.vTaskDelay                             0x08001888   Section        0  tasks.o(i.vTaskDelay)
    i.vTaskDelete                            0x080018bc   Section        0  tasks.o(i.vTaskDelete)
    i.vTaskInternalSetTimeOutState           0x08001958   Section        0  tasks.o(i.vTaskInternalSetTimeOutState)
    i.vTaskMissedYield                       0x08001968   Section        0  tasks.o(i.vTaskMissedYield)
    i.vTaskPlaceOnEventList                  0x08001974   Section        0  tasks.o(i.vTaskPlaceOnEventList)
    i.vTaskPlaceOnEventListRestricted        0x08001994   Section        0  tasks.o(i.vTaskPlaceOnEventListRestricted)
    i.vTaskStartScheduler                    0x080019d8   Section        0  tasks.o(i.vTaskStartScheduler)
    i.vTaskSuspendAll                        0x08001a30   Section        0  tasks.o(i.vTaskSuspendAll)
    i.vTaskSwitchContext                     0x08001a40   Section        0  tasks.o(i.vTaskSwitchContext)
    i.xPortStartScheduler                    0x08001a88   Section        0  port.o(i.xPortStartScheduler)
    i.xPortSysTickHandler                    0x08001ac8   Section        0  port.o(i.xPortSysTickHandler)
    i.xQueueGenericCreate                    0x08001af4   Section        0  queue.o(i.xQueueGenericCreate)
    i.xQueueGenericReset                     0x08001b34   Section        0  queue.o(i.xQueueGenericReset)
    i.xQueueGenericSend                      0x08001bc8   Section        0  queue.o(i.xQueueGenericSend)
    i.xQueueReceive                          0x08001cc0   Section        0  queue.o(i.xQueueReceive)
    i.xTaskCheckForTimeOut                   0x08001db0   Section        0  tasks.o(i.xTaskCheckForTimeOut)
    i.xTaskCreate                            0x08001e08   Section        0  tasks.o(i.xTaskCreate)
    i.xTaskGetTickCount                      0x08001e70   Section        0  tasks.o(i.xTaskGetTickCount)
    i.xTaskIncrementTick                     0x08001e7c   Section        0  tasks.o(i.xTaskIncrementTick)
    i.xTaskPriorityDisinherit                0x08001f98   Section        0  tasks.o(i.xTaskPriorityDisinherit)
    i.xTaskRemoveFromEventList               0x08002024   Section        0  tasks.o(i.xTaskRemoveFromEventList)
    i.xTaskResumeAll                         0x080020ec   Section        0  tasks.o(i.xTaskResumeAll)
    i.xTimerCreateTimerTask                  0x08002200   Section        0  timers.o(i.xTimerCreateTimerTask)
    .constdata                               0x0800223c   Section       80  led.o(.constdata)
    GPIO_PORT                                0x0800223c   Data          32  led.o(.constdata)
    GPIO_PIN                                 0x0800225c   Data          32  led.o(.constdata)
    GPIO_CLK                                 0x0800227c   Data          16  led.o(.constdata)
    .constdata                               0x0800228c   Section       44  usart.o(.constdata)
    USART_IRQ                                0x0800228c   Data           2  usart.o(.constdata)
    GPIO_CLK                                 0x0800228e   Data           4  usart.o(.constdata)
    USART_CLK                                0x08002292   Data           4  usart.o(.constdata)
    USART                                    0x08002298   Data           8  usart.o(.constdata)
    GPIO_PORT                                0x080022a0   Data           8  usart.o(.constdata)
    GPIO_PIN                                 0x080022a8   Data          16  usart.o(.constdata)
    .conststring                             0x080022b8   Section       40  main.o(.conststring)
    .data                                    0x20000000   Section       24  main.o(.data)
    pcTextForTask1                           0x20000000   Data           4  main.o(.data)
    pcTextForTask2                           0x20000004   Data           4  main.o(.data)
    .data                                    0x20000018   Section       12  systick.o(.data)
    fac_us                                   0x20000018   Data           2  systick.o(.data)
    fac_ms                                   0x2000001c   Data           4  systick.o(.data)
    g_systick                                0x20000020   Data           4  systick.o(.data)
    .data                                    0x20000024   Section       64  tasks.o(.data)
    uxDeletedTasksWaitingCleanUp             0x20000028   Data           4  tasks.o(.data)
    uxCurrentNumberOfTasks                   0x2000002c   Data           4  tasks.o(.data)
    xTickCount                               0x20000030   Data           4  tasks.o(.data)
    uxTopReadyPriority                       0x20000034   Data           4  tasks.o(.data)
    xSchedulerRunning                        0x20000038   Data           4  tasks.o(.data)
    xPendedTicks                             0x2000003c   Data           4  tasks.o(.data)
    xYieldPending                            0x20000040   Data           4  tasks.o(.data)
    xNumOfOverflows                          0x20000044   Data           4  tasks.o(.data)
    uxTaskNumber                             0x20000048   Data           4  tasks.o(.data)
    xNextTaskUnblockTime                     0x2000004c   Data           4  tasks.o(.data)
    xIdleTaskHandle                          0x20000050   Data           4  tasks.o(.data)
    uxSchedulerSuspended                     0x20000058   Data           4  tasks.o(.data)
    pxDelayedTaskList                        0x2000005c   Data           4  tasks.o(.data)
    pxOverflowDelayedTaskList                0x20000060   Data           4  tasks.o(.data)
    .data                                    0x20000064   Section       20  timers.o(.data)
    xTimerQueue                              0x20000064   Data           4  timers.o(.data)
    xTimerTaskHandle                         0x20000068   Data           4  timers.o(.data)
    xLastTime                                0x2000006c   Data           4  timers.o(.data)
    pxCurrentTimerList                       0x20000070   Data           4  timers.o(.data)
    pxOverflowTimerList                      0x20000074   Data           4  timers.o(.data)
    .data                                    0x20000078   Section       28  heap_4.o(.data)
    pxEnd                                    0x20000078   Data           4  heap_4.o(.data)
    xFreeBytesRemaining                      0x2000007c   Data           4  heap_4.o(.data)
    xMinimumEverFreeBytesRemaining           0x20000080   Data           4  heap_4.o(.data)
    xNumberOfSuccessfulAllocations           0x20000084   Data           4  heap_4.o(.data)
    xNumberOfSuccessfulFrees                 0x20000088   Data           4  heap_4.o(.data)
    xStart                                   0x2000008c   Data           8  heap_4.o(.data)
    .data                                    0x20000094   Section        4  port.o(.data)
    uxCriticalNesting                        0x20000094   Data           4  port.o(.data)
    .data                                    0x20000098   Section        4  stdout.o(.data)
    .bss                                     0x2000009c   Section      200  tasks.o(.bss)
    pxReadyTasksLists                        0x2000009c   Data         100  tasks.o(.bss)
    xDelayedTaskList1                        0x20000100   Data          20  tasks.o(.bss)
    xDelayedTaskList2                        0x20000114   Data          20  tasks.o(.bss)
    xPendingReadyList                        0x20000128   Data          20  tasks.o(.bss)
    xTasksWaitingTermination                 0x2000013c   Data          20  tasks.o(.bss)
    xSuspendedTaskList                       0x20000150   Data          20  tasks.o(.bss)
    .bss                                     0x20000164   Section       40  timers.o(.bss)
    xActiveTimerList1                        0x20000164   Data          20  timers.o(.bss)
    xActiveTimerList2                        0x20000178   Data          20  timers.o(.bss)
    .bss                                     0x2000018c   Section     5120  heap_4.o(.bss)
    ucHeap                                   0x2000018c   Data        5120  heap_4.o(.bss)
    STACK                                    0x20001590   Section     1024  startup_gd32f30x_hd.o(STACK)

    Global Symbols

    Symbol Name                              Value     Ov Type        Size  Object(Section)

    BuildAttributes$$THM_ISAv4$E$P$D$K$B$S$7EM$VFPi3$EXTD16$VFPS$VFMA$PE$A:L22UL41UL21$X:L11$S22US41US21$IEEE1$IW$USESV6$~STKCKD$USESV7$~SHL$OSPACE$ROPI$EBA8$MICROLIB$REQ8$PRES8$EABIv2 0x00000000   Number         0  anon$$obj.o ABSOLUTE
    __ARM_use_no_argv                        0x00000000   Number         0  main.o ABSOLUTE
    _printf_a                                0x00000000   Number         0  stubs.o ABSOLUTE
    _printf_c                                0x00000000   Number         0  stubs.o ABSOLUTE
    _printf_charcount                        0x00000000   Number         0  stubs.o ABSOLUTE
    _printf_d                                0x00000000   Number         0  stubs.o ABSOLUTE
    _printf_e                                0x00000000   Number         0  stubs.o ABSOLUTE
    _printf_f                                0x00000000   Number         0  stubs.o ABSOLUTE
    _printf_flags                            0x00000000   Number         0  stubs.o ABSOLUTE
    _printf_fp_dec                           0x00000000   Number         0  stubs.o ABSOLUTE
    _printf_fp_hex                           0x00000000   Number         0  stubs.o ABSOLUTE
    _printf_g                                0x00000000   Number         0  stubs.o ABSOLUTE
    _printf_i                                0x00000000   Number         0  stubs.o ABSOLUTE
    _printf_int_dec                          0x00000000   Number         0  stubs.o ABSOLUTE
    _printf_l                                0x00000000   Number         0  stubs.o ABSOLUTE
    _printf_lc                               0x00000000   Number         0  stubs.o ABSOLUTE
    _printf_ll                               0x00000000   Number         0  stubs.o ABSOLUTE
    _printf_lld                              0x00000000   Number         0  stubs.o ABSOLUTE
    _printf_lli                              0x00000000   Number         0  stubs.o ABSOLUTE
    _printf_llo                              0x00000000   Number         0  stubs.o ABSOLUTE
    _printf_llu                              0x00000000   Number         0  stubs.o ABSOLUTE
    _printf_llx                              0x00000000   Number         0  stubs.o ABSOLUTE
    _printf_longlong_dec                     0x00000000   Number         0  stubs.o ABSOLUTE
    _printf_longlong_hex                     0x00000000   Number         0  stubs.o ABSOLUTE
    _printf_longlong_oct                     0x00000000   Number         0  stubs.o ABSOLUTE
    _printf_ls                               0x00000000   Number         0  stubs.o ABSOLUTE
    _printf_mbtowc                           0x00000000   Number         0  stubs.o ABSOLUTE
    _printf_n                                0x00000000   Number         0  stubs.o ABSOLUTE
    _printf_o                                0x00000000   Number         0  stubs.o ABSOLUTE
    _printf_p                                0x00000000   Number         0  stubs.o ABSOLUTE
    _printf_percent                          0x00000000   Number         0  stubs.o ABSOLUTE
    _printf_pre_padding                      0x00000000   Number         0  stubs.o ABSOLUTE
    _printf_return_value                     0x00000000   Number         0  stubs.o ABSOLUTE
    _printf_s                                0x00000000   Number         0  stubs.o ABSOLUTE
    _printf_sizespec                         0x00000000   Number         0  stubs.o ABSOLUTE
    _printf_str                              0x00000000   Number         0  stubs.o ABSOLUTE
    _printf_truncate_signed                  0x00000000   Number         0  stubs.o ABSOLUTE
    _printf_truncate_unsigned                0x00000000   Number         0  stubs.o ABSOLUTE
    _printf_u                                0x00000000   Number         0  stubs.o ABSOLUTE
    _printf_wc                               0x00000000   Number         0  stubs.o ABSOLUTE
    _printf_wctomb                           0x00000000   Number         0  stubs.o ABSOLUTE
    _printf_widthprec                        0x00000000   Number         0  stubs.o ABSOLUTE
    _printf_x                                0x00000000   Number         0  stubs.o ABSOLUTE
    __arm_fini_                               - Undefined Weak Reference
    __cpp_initialize__aeabi_                  - Undefined Weak Reference
    __cxa_finalize                            - Undefined Weak Reference
    __decompress                              - Undefined Weak Reference
    _clock_init                               - Undefined Weak Reference
    _microlib_exit                            - Undefined Weak Reference
    __Vectors_Size                           0x00000130   Number         0  startup_gd32f30x_hd.o ABSOLUTE
    __Vectors                                0x08000000   Data           4  startup_gd32f30x_hd.o(RESET)
    __Vectors_End                            0x08000130   Data           0  startup_gd32f30x_hd.o(RESET)
    __main                                   0x08000131   Thumb Code     0  entry.o(.ARM.Collect$$$$00000000)
    _main_stk                                0x08000131   Thumb Code     0  entry2.o(.ARM.Collect$$$$00000001)
    _main_scatterload                        0x08000135   Thumb Code     0  entry5.o(.ARM.Collect$$$$00000004)
    __main_after_scatterload                 0x08000139   Thumb Code     0  entry5.o(.ARM.Collect$$$$00000004)
    _main_clock                              0x08000139   Thumb Code     0  entry7b.o(.ARM.Collect$$$$00000008)
    _main_cpp_init                           0x08000139   Thumb Code     0  entry8b.o(.ARM.Collect$$$$0000000A)
    _main_init                               0x08000139   Thumb Code     0  entry9a.o(.ARM.Collect$$$$0000000B)
    __rt_lib_shutdown_fini                   0x08000141   Thumb Code     0  entry12b.o(.ARM.Collect$$$$0000000E)
    __rt_final_cpp                           0x08000145   Thumb Code     0  entry10a.o(.ARM.Collect$$$$0000000F)
    __rt_final_exit                          0x08000145   Thumb Code     0  entry11a.o(.ARM.Collect$$$$00000011)
    vPortSVCHandler                          0x08000149   Thumb Code    28  port.o(.emb_text)
    __asm___6_port_c_39a90d8d__prvStartFirstTask 0x08000169   Thumb Code    36  port.o(.emb_text)
    __asm___6_port_c_39a90d8d__prvEnableVFP  0x08000191   Thumb Code    16  port.o(.emb_text)
    xPortPendSVHandler                       0x080001a5   Thumb Code    88  port.o(.emb_text)
    vPortGetIPSR                             0x08000201   Thumb Code     6  port.o(.emb_text)
    Reset_Handler                            0x08000209   Thumb Code     8  startup_gd32f30x_hd.o(.text)
    ADC0_1_IRQHandler                        0x08000227   Thumb Code     0  startup_gd32f30x_hd.o(.text)
    ADC2_IRQHandler                          0x08000227   Thumb Code     0  startup_gd32f30x_hd.o(.text)
    CAN0_EWMC_IRQHandler                     0x08000227   Thumb Code     0  startup_gd32f30x_hd.o(.text)
    CAN0_RX1_IRQHandler                      0x08000227   Thumb Code     0  startup_gd32f30x_hd.o(.text)
    DMA0_Channel0_IRQHandler                 0x08000227   Thumb Code     0  startup_gd32f30x_hd.o(.text)
    DMA0_Channel1_IRQHandler                 0x08000227   Thumb Code     0  startup_gd32f30x_hd.o(.text)
    DMA0_Channel2_IRQHandler                 0x08000227   Thumb Code     0  startup_gd32f30x_hd.o(.text)
    DMA0_Channel3_IRQHandler                 0x08000227   Thumb Code     0  startup_gd32f30x_hd.o(.text)
    DMA0_Channel4_IRQHandler                 0x08000227   Thumb Code     0  startup_gd32f30x_hd.o(.text)
    DMA0_Channel5_IRQHandler                 0x08000227   Thumb Code     0  startup_gd32f30x_hd.o(.text)
    DMA0_Channel6_IRQHandler                 0x08000227   Thumb Code     0  startup_gd32f30x_hd.o(.text)
    DMA1_Channel0_IRQHandler                 0x08000227   Thumb Code     0  startup_gd32f30x_hd.o(.text)
    DMA1_Channel1_IRQHandler                 0x08000227   Thumb Code     0  startup_gd32f30x_hd.o(.text)
    DMA1_Channel2_IRQHandler                 0x08000227   Thumb Code     0  startup_gd32f30x_hd.o(.text)
    DMA1_Channel3_4_IRQHandler               0x08000227   Thumb Code     0  startup_gd32f30x_hd.o(.text)
    EXMC_IRQHandler                          0x08000227   Thumb Code     0  startup_gd32f30x_hd.o(.text)
    EXTI0_IRQHandler                         0x08000227   Thumb Code     0  startup_gd32f30x_hd.o(.text)
    EXTI10_15_IRQHandler                     0x08000227   Thumb Code     0  startup_gd32f30x_hd.o(.text)
    EXTI1_IRQHandler                         0x08000227   Thumb Code     0  startup_gd32f30x_hd.o(.text)
    EXTI2_IRQHandler                         0x08000227   Thumb Code     0  startup_gd32f30x_hd.o(.text)
    EXTI3_IRQHandler                         0x08000227   Thumb Code     0  startup_gd32f30x_hd.o(.text)
    EXTI4_IRQHandler                         0x08000227   Thumb Code     0  startup_gd32f30x_hd.o(.text)
    EXTI5_9_IRQHandler                       0x08000227   Thumb Code     0  startup_gd32f30x_hd.o(.text)
    FMC_IRQHandler                           0x08000227   Thumb Code     0  startup_gd32f30x_hd.o(.text)
    I2C0_ER_IRQHandler                       0x08000227   Thumb Code     0  startup_gd32f30x_hd.o(.text)
    I2C0_EV_IRQHandler                       0x08000227   Thumb Code     0  startup_gd32f30x_hd.o(.text)
    I2C1_ER_IRQHandler                       0x08000227   Thumb Code     0  startup_gd32f30x_hd.o(.text)
    I2C1_EV_IRQHandler                       0x08000227   Thumb Code     0  startup_gd32f30x_hd.o(.text)
    LVD_IRQHandler                           0x08000227   Thumb Code     0  startup_gd32f30x_hd.o(.text)
    RCU_CTC_IRQHandler                       0x08000227   Thumb Code     0  startup_gd32f30x_hd.o(.text)
    RTC_Alarm_IRQHandler                     0x08000227   Thumb Code     0  startup_gd32f30x_hd.o(.text)
    RTC_IRQHandler                           0x08000227   Thumb Code     0  startup_gd32f30x_hd.o(.text)
    SDIO_IRQHandler                          0x08000227   Thumb Code     0  startup_gd32f30x_hd.o(.text)
    SPI0_IRQHandler                          0x08000227   Thumb Code     0  startup_gd32f30x_hd.o(.text)
    SPI1_IRQHandler                          0x08000227   Thumb Code     0  startup_gd32f30x_hd.o(.text)
    SPI2_IRQHandler                          0x08000227   Thumb Code     0  startup_gd32f30x_hd.o(.text)
    TAMPER_IRQHandler                        0x08000227   Thumb Code     0  startup_gd32f30x_hd.o(.text)
    TIMER0_BRK_IRQHandler                    0x08000227   Thumb Code     0  startup_gd32f30x_hd.o(.text)
    TIMER0_Channel_IRQHandler                0x08000227   Thumb Code     0  startup_gd32f30x_hd.o(.text)
    TIMER0_TRG_CMT_IRQHandler                0x08000227   Thumb Code     0  startup_gd32f30x_hd.o(.text)
    TIMER7_BRK_IRQHandler                    0x08000227   Thumb Code     0  startup_gd32f30x_hd.o(.text)
    TIMER7_Channel_IRQHandler                0x08000227   Thumb Code     0  startup_gd32f30x_hd.o(.text)
    TIMER7_TRG_CMT_IRQHandler                0x08000227   Thumb Code     0  startup_gd32f30x_hd.o(.text)
    UART3_IRQHandler                         0x08000227   Thumb Code     0  startup_gd32f30x_hd.o(.text)
    UART4_IRQHandler                         0x08000227   Thumb Code     0  startup_gd32f30x_hd.o(.text)
    USBD_HP_CAN0_TX_IRQHandler               0x08000227   Thumb Code     0  startup_gd32f30x_hd.o(.text)
    USBD_LP_CAN0_RX0_IRQHandler              0x08000227   Thumb Code     0  startup_gd32f30x_hd.o(.text)
    USBD_WKUP_IRQHandler                     0x08000227   Thumb Code     0  startup_gd32f30x_hd.o(.text)
    WWDGT_IRQHandler                         0x08000227   Thumb Code     0  startup_gd32f30x_hd.o(.text)
    __aeabi_memcpy                           0x08000231   Thumb Code    36  memcpya.o(.text)
    __aeabi_memcpy4                          0x08000231   Thumb Code     0  memcpya.o(.text)
    __aeabi_memcpy8                          0x08000231   Thumb Code     0  memcpya.o(.text)
    __aeabi_memset                           0x08000255   Thumb Code    14  memseta.o(.text)
    __aeabi_memset4                          0x08000255   Thumb Code     0  memseta.o(.text)
    __aeabi_memset8                          0x08000255   Thumb Code     0  memseta.o(.text)
    __aeabi_memclr                           0x08000263   Thumb Code     4  memseta.o(.text)
    __aeabi_memclr4                          0x08000263   Thumb Code     0  memseta.o(.text)
    __aeabi_memclr8                          0x08000263   Thumb Code     0  memseta.o(.text)
    _memset$wrapper                          0x08000267   Thumb Code    18  memseta.o(.text)
    __scatterload                            0x08000279   Thumb Code    28  init.o(.text)
    __scatterload_rt2                        0x08000279   Thumb Code     0  init.o(.text)
    BusFault_Handler                         0x0800029d   Thumb Code     2  isr.o(i.BusFault_Handler)
    DebugMon_Handler                         0x0800029f   Thumb Code     2  isr.o(i.DebugMon_Handler)
    HardFault_Handler                        0x080002a1   Thumb Code     2  isr.o(i.HardFault_Handler)
    MemManage_Handler                        0x080002a3   Thumb Code     2  isr.o(i.MemManage_Handler)
    NMI_Handler                              0x080002a5   Thumb Code     2  isr.o(i.NMI_Handler)
    SysTick_Handler                          0x080002a9   Thumb Code    12  systick.o(i.SysTick_Handler)
    SystemInit                               0x080002b9   Thumb Code   118  system_gd32f30x.o(i.SystemInit)
    TIMER0_UP_IRQHandler                     0x0800033d   Thumb Code    30  isr.o(i.TIMER0_UP_IRQHandler)
    TIMER1_IRQHandler                        0x08000361   Thumb Code    30  isr.o(i.TIMER1_IRQHandler)
    TIMER2_IRQHandler                        0x08000381   Thumb Code    30  isr.o(i.TIMER2_IRQHandler)
    TIMER3_IRQHandler                        0x080003a5   Thumb Code    30  isr.o(i.TIMER3_IRQHandler)
    TIMER4_IRQHandler                        0x080003c9   Thumb Code    30  isr.o(i.TIMER4_IRQHandler)
    TIMER5_IRQHandler                        0x080003ed   Thumb Code    30  isr.o(i.TIMER5_IRQHandler)
    TIMER6_IRQHandler                        0x08000411   Thumb Code    30  isr.o(i.TIMER6_IRQHandler)
    TIMER7_UP_IRQHandler                     0x08000435   Thumb Code    30  isr.o(i.TIMER7_UP_IRQHandler)
    USART0_IRQHandler                        0x08000459   Thumb Code    32  isr.o(i.USART0_IRQHandler)
    USART1_IRQHandler                        0x08000481   Thumb Code    32  isr.o(i.USART1_IRQHandler)
    USART2_IRQHandler                        0x080004a9   Thumb Code    32  isr.o(i.USART2_IRQHandler)
    UsageFault_Handler                       0x080004d1   Thumb Code     2  isr.o(i.UsageFault_Handler)
    __0printf$2                              0x080004d5   Thumb Code    22  printf2.o(i.__0printf$2)
    __1printf$2                              0x080004d5   Thumb Code     0  printf2.o(i.__0printf$2)
    __2printf                                0x080004d5   Thumb Code     0  printf2.o(i.__0printf$2)
    __0sprintf$2                             0x080004f5   Thumb Code    34  printf2.o(i.__0sprintf$2)
    __1sprintf$2                             0x080004f5   Thumb Code     0  printf2.o(i.__0sprintf$2)
    __2sprintf                               0x080004f5   Thumb Code     0  printf2.o(i.__0sprintf$2)
    __scatterload_copy                       0x0800051d   Thumb Code    14  handlers.o(i.__scatterload_copy)
    __scatterload_null                       0x0800052b   Thumb Code     2  handlers.o(i.__scatterload_null)
    __scatterload_zeroinit                   0x0800052d   Thumb Code    14  handlers.o(i.__scatterload_zeroinit)
    fputc                                    0x0800061d   Thumb Code    30  usart.o(i.fputc)
    gpio_bit_reset                           0x08000641   Thumb Code     4  gd32f30x_gpio.o(i.gpio_bit_reset)
    gpio_bit_set                             0x08000645   Thumb Code     4  gd32f30x_gpio.o(i.gpio_bit_set)
    gpio_init                                0x08000649   Thumb Code   164  gd32f30x_gpio.o(i.gpio_init)
    led_off                                  0x08000721   Thumb Code    18  led.o(i.led_off)
    led_on                                   0x08000739   Thumb Code    18  led.o(i.led_on)
    led_single_init                          0x08000751   Thumb Code    54  led.o(i.led_single_init)
    leds_all_init                            0x080007c1   Thumb Code    18  led.o(i.leds_all_init)
    main                                     0x080007d5   Thumb Code    84  main.o(i.main)
    nvic_irq_enable                          0x08000881   Thumb Code   150  gd32f30x_misc.o(i.nvic_irq_enable)
    nvic_priority_group_set                  0x0800091d   Thumb Code    10  gd32f30x_misc.o(i.nvic_priority_group_set)
    pvPortMalloc                             0x080010a1   Thumb Code   154  heap_4.o(i.pvPortMalloc)
    pxPortInitialiseStack                    0x08001141   Thumb Code    30  port.o(i.pxPortInitialiseStack)
    rcu_clock_freq_get                       0x08001165   Thumb Code   224  gd32f30x_rcu.o(i.rcu_clock_freq_get)
    rcu_periph_clock_enable                  0x08001261   Thumb Code    22  gd32f30x_rcu.o(i.rcu_periph_clock_enable)
    rcu_periph_reset_disable                 0x0800127d   Thumb Code    22  gd32f30x_rcu.o(i.rcu_periph_reset_disable)
    rcu_periph_reset_enable                  0x08001299   Thumb Code    22  gd32f30x_rcu.o(i.rcu_periph_reset_enable)
    timer_interrupt_flag_clear               0x08001431   Thumb Code     6  gd32f30x_timer.o(i.timer_interrupt_flag_clear)
    timer_interrupt_flag_get                 0x08001437   Thumb Code    20  gd32f30x_timer.o(i.timer_interrupt_flag_get)
    usart_baudrate_set                       0x0800144d   Thumb Code   102  gd32f30x_usart.o(i.usart_baudrate_set)
    usart_data_transmit                      0x080014bd   Thumb Code     8  gd32f30x_usart.o(i.usart_data_transmit)
    usart_deinit                             0x080014c5   Thumb Code   136  gd32f30x_usart.o(i.usart_deinit)
    usart_enable                             0x08001555   Thumb Code    10  gd32f30x_usart.o(i.usart_enable)
    usart_flag_get                           0x0800155f   Thumb Code    26  gd32f30x_usart.o(i.usart_flag_get)
    usart_hardware_flow_cts_config           0x08001579   Thumb Code    20  gd32f30x_usart.o(i.usart_hardware_flow_cts_config)
    usart_hardware_flow_rts_config           0x0800158d   Thumb Code    20  gd32f30x_usart.o(i.usart_hardware_flow_rts_config)
    usart_init                               0x080015a1   Thumb Code   208  usart.o(i.usart_init)
    usart_interrupt_enable                   0x08001675   Thumb Code    20  gd32f30x_usart.o(i.usart_interrupt_enable)
    usart_interrupt_flag_clear               0x08001689   Thumb Code    18  gd32f30x_usart.o(i.usart_interrupt_flag_clear)
    usart_interrupt_flag_get                 0x0800169b   Thumb Code    50  gd32f30x_usart.o(i.usart_interrupt_flag_get)
    usart_parity_config                      0x080016cd   Thumb Code    16  gd32f30x_usart.o(i.usart_parity_config)
    usart_receive_config                     0x080016dd   Thumb Code    20  gd32f30x_usart.o(i.usart_receive_config)
    usart_stop_bit_set                       0x080016f1   Thumb Code    16  gd32f30x_usart.o(i.usart_stop_bit_set)
    usart_transmit_config                    0x08001701   Thumb Code    20  gd32f30x_usart.o(i.usart_transmit_config)
    usart_word_length_set                    0x08001715   Thumb Code    16  gd32f30x_usart.o(i.usart_word_length_set)
    uxListRemove                             0x08001725   Thumb Code    38  list.o(i.uxListRemove)
    vListInitialise                          0x0800174b   Thumb Code    22  list.o(i.vListInitialise)
    vListInitialiseItem                      0x08001761   Thumb Code     6  list.o(i.vListInitialiseItem)
    vListInsert                              0x08001767   Thumb Code    48  list.o(i.vListInsert)
    vListInsertEnd                           0x08001797   Thumb Code    24  list.o(i.vListInsertEnd)
    vPortEnterCritical                       0x080017b1   Thumb Code    24  port.o(i.vPortEnterCritical)
    vPortExitCritical                        0x080017cd   Thumb Code    18  port.o(i.vPortExitCritical)
    vPortFree                                0x080017e5   Thumb Code    64  heap_4.o(i.vPortFree)
    vPortSetupTimerInterrupt                 0x08001829   Thumb Code    20  port.o(i.vPortSetupTimerInterrupt)
    vQueueWaitForMessageRestricted           0x08001841   Thumb Code    70  queue.o(i.vQueueWaitForMessageRestricted)
    vTaskDelay                               0x08001889   Thumb Code    48  tasks.o(i.vTaskDelay)
    vTaskDelete                              0x080018bd   Thumb Code   144  tasks.o(i.vTaskDelete)
    vTaskInternalSetTimeOutState             0x08001959   Thumb Code    12  tasks.o(i.vTaskInternalSetTimeOutState)
    vTaskMissedYield                         0x08001969   Thumb Code     8  tasks.o(i.vTaskMissedYield)
    vTaskPlaceOnEventList                    0x08001975   Thumb Code    26  tasks.o(i.vTaskPlaceOnEventList)
    vTaskPlaceOnEventListRestricted          0x08001995   Thumb Code    62  tasks.o(i.vTaskPlaceOnEventListRestricted)
    vTaskStartScheduler                      0x080019d9   Thumb Code    72  tasks.o(i.vTaskStartScheduler)
    vTaskSuspendAll                          0x08001a31   Thumb Code    10  tasks.o(i.vTaskSuspendAll)
    vTaskSwitchContext                       0x08001a41   Thumb Code    64  tasks.o(i.vTaskSwitchContext)
    xPortStartScheduler                      0x08001a89   Thumb Code    52  port.o(i.xPortStartScheduler)
    xPortSysTickHandler                      0x08001ac9   Thumb Code    38  port.o(i.xPortSysTickHandler)
    xQueueGenericCreate                      0x08001af5   Thumb Code    64  queue.o(i.xQueueGenericCreate)
    xQueueGenericReset                       0x08001b35   Thumb Code   142  queue.o(i.xQueueGenericReset)
    xQueueGenericSend                        0x08001bc9   Thumb Code   244  queue.o(i.xQueueGenericSend)
    xQueueReceive                            0x08001cc1   Thumb Code   236  queue.o(i.xQueueReceive)
    xTaskCheckForTimeOut                     0x08001db1   Thumb Code    84  tasks.o(i.xTaskCheckForTimeOut)
    xTaskCreate                              0x08001e09   Thumb Code   104  tasks.o(i.xTaskCreate)
    xTaskGetTickCount                        0x08001e71   Thumb Code     6  tasks.o(i.xTaskGetTickCount)
    xTaskIncrementTick                       0x08001e7d   Thumb Code   274  tasks.o(i.xTaskIncrementTick)
    xTaskPriorityDisinherit                  0x08001f99   Thumb Code   132  tasks.o(i.xTaskPriorityDisinherit)
    xTaskRemoveFromEventList                 0x08002025   Thumb Code   192  tasks.o(i.xTaskRemoveFromEventList)
    xTaskResumeAll                           0x080020ed   Thumb Code   264  tasks.o(i.xTaskResumeAll)
    xTimerCreateTimerTask                    0x08002201   Thumb Code    42  timers.o(i.xTimerCreateTimerTask)
    Region$$Table$$Base                      0x080022e0   Number         0  anon$$obj.o(Region$$Table)
    Region$$Table$$Limit                     0x08002300   Number         0  anon$$obj.o(Region$$Table)
    StartTask_Handler                        0x20000008   Data           4  main.o(.data)
    LEDTask_Handler                          0x2000000c   Data           4  main.o(.data)
    LEDTask_Handler2                         0x20000010   Data           4  main.o(.data)
    xQueueprint                              0x20000014   Data           4  main.o(.data)
    pxCurrentTCB                             0x20000024   Data           4  tasks.o(.data)
    uxTopUsedPriority                        0x20000054   Data           4  tasks.o(.data)
    __stdout                                 0x20000098   Data           4  stdout.o(.data)
    __initial_sp                             0x20001990   Data           0  startup_gd32f30x_hd.o(STACK)



==============================================================================

Memory Map of the image

  Image Entry point : 0x08000131

  Load Region LR_IROM1 (Base: 0x08000000, Size: 0x0000239c, Max: 0x00300000, ABSOLUTE)

    Execution Region ER_IROM1 (Exec base: 0x08000000, Load base: 0x08000000, Size: 0x00002300, Max: 0x00300000, ABSOLUTE)

    Exec Addr    Load Addr    Size         Type   Attr      Idx    E Section Name        Object

    0x08000000   0x08000000   0x00000130   Data   RO         4546    RESET               startup_gd32f30x_hd.o
    0x08000130   0x08000130   0x00000000   Code   RO         5639  * .ARM.Collect$$$$00000000  mc_w.l(entry.o)
    0x08000130   0x08000130   0x00000004   Code   RO         5909    .ARM.Collect$$$$00000001  mc_w.l(entry2.o)
    0x08000134   0x08000134   0x00000004   Code   RO         5912    .ARM.Collect$$$$00000004  mc_w.l(entry5.o)
    0x08000138   0x08000138   0x00000000   Code   RO         5914    .ARM.Collect$$$$00000008  mc_w.l(entry7b.o)
    0x08000138   0x08000138   0x00000000   Code   RO         5916    .ARM.Collect$$$$0000000A  mc_w.l(entry8b.o)
    0x08000138   0x08000138   0x00000008   Code   RO         5917    .ARM.Collect$$$$0000000B  mc_w.l(entry9a.o)
    0x08000140   0x08000140   0x00000004   Code   RO         5924    .ARM.Collect$$$$0000000E  mc_w.l(entry12b.o)
    0x08000144   0x08000144   0x00000000   Code   RO         5919    .ARM.Collect$$$$0000000F  mc_w.l(entry10a.o)
    0x08000144   0x08000144   0x00000000   Code   RO         5921    .ARM.Collect$$$$00000011  mc_w.l(entry11a.o)
    0x08000144   0x08000144   0x00000004   Code   RO         5910    .ARM.Collect$$$$00002712  mc_w.l(entry2.o)
    0x08000148   0x08000148   0x000000be   Code   RO         5568    .emb_text           port.o
    0x08000206   0x08000206   0x00000002   PAD
    0x08000208   0x08000208   0x00000028   Code   RO         4547    .text               startup_gd32f30x_hd.o
    0x08000230   0x08000230   0x00000024   Code   RO         5642    .text               mc_w.l(memcpya.o)
    0x08000254   0x08000254   0x00000024   Code   RO         5644    .text               mc_w.l(memseta.o)
    0x08000278   0x08000278   0x00000024   Code   RO         5941    .text               mc_w.l(init.o)
    0x0800029c   0x0800029c   0x00000002   Code   RO          205    i.BusFault_Handler  isr.o
    0x0800029e   0x0800029e   0x00000002   Code   RO          206    i.DebugMon_Handler  isr.o
    0x080002a0   0x080002a0   0x00000002   Code   RO          207    i.HardFault_Handler  isr.o
    0x080002a2   0x080002a2   0x00000002   Code   RO          208    i.MemManage_Handler  isr.o
    0x080002a4   0x080002a4   0x00000002   Code   RO          209    i.NMI_Handler       isr.o
    0x080002a6   0x080002a6   0x00000002   PAD
    0x080002a8   0x080002a8   0x00000010   Code   RO          430    i.SysTick_Handler   systick.o
    0x080002b8   0x080002b8   0x00000084   Code   RO         4554    i.SystemInit        system_gd32f30x.o
    0x0800033c   0x0800033c   0x00000024   Code   RO          212    i.TIMER0_UP_IRQHandler  isr.o
    0x08000360   0x08000360   0x0000001e   Code   RO          213    i.TIMER1_IRQHandler  isr.o
    0x0800037e   0x0800037e   0x00000002   PAD
    0x08000380   0x08000380   0x00000024   Code   RO          214    i.TIMER2_IRQHandler  isr.o
    0x080003a4   0x080003a4   0x00000024   Code   RO          215    i.TIMER3_IRQHandler  isr.o
    0x080003c8   0x080003c8   0x00000024   Code   RO          216    i.TIMER4_IRQHandler  isr.o
    0x080003ec   0x080003ec   0x00000024   Code   RO          217    i.TIMER5_IRQHandler  isr.o
    0x08000410   0x08000410   0x00000024   Code   RO          218    i.TIMER6_IRQHandler  isr.o
    0x08000434   0x08000434   0x00000024   Code   RO          219    i.TIMER7_UP_IRQHandler  isr.o
    0x08000458   0x08000458   0x00000028   Code   RO          220    i.USART0_IRQHandler  isr.o
    0x08000480   0x08000480   0x00000028   Code   RO          221    i.USART1_IRQHandler  isr.o
    0x080004a8   0x080004a8   0x00000028   Code   RO          222    i.USART2_IRQHandler  isr.o
    0x080004d0   0x080004d0   0x00000002   Code   RO          223    i.UsageFault_Handler  isr.o
    0x080004d2   0x080004d2   0x00000002   PAD
    0x080004d4   0x080004d4   0x00000020   Code   RO         5715    i.__0printf$2       mc_w.l(printf2.o)
    0x080004f4   0x080004f4   0x00000028   Code   RO         5717    i.__0sprintf$2      mc_w.l(printf2.o)
    0x0800051c   0x0800051c   0x0000000e   Code   RO         5953    i.__scatterload_copy  mc_w.l(handlers.o)
    0x0800052a   0x0800052a   0x00000002   Code   RO         5954    i.__scatterload_null  mc_w.l(handlers.o)
    0x0800052c   0x0800052c   0x0000000e   Code   RO         5955    i.__scatterload_zeroinit  mc_w.l(handlers.o)
    0x0800053a   0x0800053a   0x000000d6   Code   RO         5722    i._printf_core      mc_w.l(printf2.o)
    0x08000610   0x08000610   0x0000000a   Code   RO         5724    i._sputc            mc_w.l(printf2.o)
    0x0800061a   0x0800061a   0x00000002   PAD
    0x0800061c   0x0800061c   0x00000024   Code   RO          606    i.fputc             usart.o
    0x08000640   0x08000640   0x00000004   Code   RO         2328    i.gpio_bit_reset    gd32f30x_gpio.o
    0x08000644   0x08000644   0x00000004   Code   RO         2329    i.gpio_bit_set      gd32f30x_gpio.o
    0x08000648   0x08000648   0x000000a4   Code   RO         2338    i.gpio_init         gd32f30x_gpio.o
    0x080006ec   0x080006ec   0x00000034   Code   RO            3    i.led2_task         main.o
    0x08000720   0x08000720   0x00000018   Code   RO          543    i.led_off           led.o
    0x08000738   0x08000738   0x00000018   Code   RO          544    i.led_on            led.o
    0x08000750   0x08000750   0x0000003c   Code   RO          545    i.led_single_init   led.o
    0x0800078c   0x0800078c   0x00000034   Code   RO            4    i.led_task          main.o
    0x080007c0   0x080007c0   0x00000012   Code   RO          547    i.leds_all_init     led.o
    0x080007d2   0x080007d2   0x00000002   PAD
    0x080007d4   0x080007d4   0x000000ac   Code   RO            5    i.main              main.o
    0x08000880   0x08000880   0x0000009c   Code   RO         2656    i.nvic_irq_enable   gd32f30x_misc.o
    0x0800091c   0x0800091c   0x00000014   Code   RO         2657    i.nvic_priority_group_set  gd32f30x_misc.o
    0x08000930   0x08000930   0x0000008c   Code   RO         5029    i.prvAddCurrentTaskToDelayedList  tasks.o
    0x080009bc   0x080009bc   0x000000a8   Code   RO         5030    i.prvAddNewTaskToReadyList  tasks.o
    0x08000a64   0x08000a64   0x00000040   Code   RO         5363    i.prvCheckForValidListAndQueue  timers.o
    0x08000aa4   0x08000aa4   0x0000003c   Code   RO         5031    i.prvCheckTasksWaitingTermination  tasks.o
    0x08000ae0   0x08000ae0   0x00000028   Code   RO         4727    i.prvCopyDataFromQueue  queue.o
    0x08000b08   0x08000b08   0x0000006e   Code   RO         4728    i.prvCopyDataToQueue  queue.o
    0x08000b76   0x08000b76   0x00000014   Code   RO         5032    i.prvDeleteTCB      tasks.o
    0x08000b8a   0x08000b8a   0x00000002   PAD
    0x08000b8c   0x08000b8c   0x00000028   Code   RO            6    i.prvGatekeeperTask  main.o
    0x08000bb4   0x08000bb4   0x00000024   Code   RO         5364    i.prvGetNextExpireTime  timers.o
    0x08000bd8   0x08000bd8   0x00000048   Code   RO         5507    i.prvHeapInit       heap_4.o
    0x08000c20   0x08000c20   0x00000028   Code   RO         5033    i.prvIdleTask       tasks.o
    0x08000c48   0x08000c48   0x00000018   Code   RO         4731    i.prvInitialiseNewQueue  queue.o
    0x08000c60   0x08000c60   0x00000070   Code   RO         5034    i.prvInitialiseNewTask  tasks.o
    0x08000cd0   0x08000cd0   0x00000058   Code   RO         5035    i.prvInitialiseTaskLists  tasks.o
    0x08000d28   0x08000d28   0x00000054   Code   RO         5508    i.prvInsertBlockIntoFreeList  heap_4.o
    0x08000d7c   0x08000d7c   0x00000040   Code   RO         5366    i.prvInsertTimerInActiveList  timers.o
    0x08000dbc   0x08000dbc   0x0000001a   Code   RO         4732    i.prvIsQueueEmpty   queue.o
    0x08000dd6   0x08000dd6   0x0000001e   Code   RO         4733    i.prvIsQueueFull    queue.o
    0x08000df4   0x08000df4   0x00000040   Code   RO         5367    i.prvProcessExpiredTimer  timers.o
    0x08000e34   0x08000e34   0x000000d0   Code   RO         5368    i.prvProcessReceivedCommands  timers.o
    0x08000f04   0x08000f04   0x0000006c   Code   RO         5369    i.prvProcessTimerOrBlockTask  timers.o
    0x08000f70   0x08000f70   0x00000028   Code   RO         5370    i.prvReloadTimer    timers.o
    0x08000f98   0x08000f98   0x00000020   Code   RO         5036    i.prvResetNextTaskUnblockTime  tasks.o
    0x08000fb8   0x08000fb8   0x0000002c   Code   RO         5371    i.prvSampleTimeNow  timers.o
    0x08000fe4   0x08000fe4   0x0000002c   Code   RO         5372    i.prvSwitchTimerLists  timers.o
    0x08001010   0x08001010   0x00000010   Code   RO         5569    i.prvTaskExitError  port.o
    0x08001020   0x08001020   0x00000014   Code   RO         5373    i.prvTimerTask      timers.o
    0x08001034   0x08001034   0x0000006a   Code   RO         4734    i.prvUnlockQueue    queue.o
    0x0800109e   0x0800109e   0x00000002   PAD
    0x080010a0   0x080010a0   0x000000a0   Code   RO         5510    i.pvPortMalloc      heap_4.o
    0x08001140   0x08001140   0x00000024   Code   RO         5570    i.pxPortInitialiseStack  port.o
    0x08001164   0x08001164   0x000000fc   Code   RO         2855    i.rcu_clock_freq_get  gd32f30x_rcu.o
    0x08001260   0x08001260   0x0000001c   Code   RO         2873    i.rcu_periph_clock_enable  gd32f30x_rcu.o
    0x0800127c   0x0800127c   0x0000001c   Code   RO         2876    i.rcu_periph_reset_disable  gd32f30x_rcu.o
    0x08001298   0x08001298   0x0000001c   Code   RO         2877    i.rcu_periph_reset_enable  gd32f30x_rcu.o
    0x080012b4   0x080012b4   0x000000bc   Code   RO            7    i.start_task        main.o
    0x08001370   0x08001370   0x000000bc   Code   RO         4555    i.system_clock_120m_hxtal  system_gd32f30x.o
    0x0800142c   0x0800142c   0x00000004   Code   RO         4556    i.system_clock_config  system_gd32f30x.o
    0x08001430   0x08001430   0x00000006   Code   RO         3790    i.timer_interrupt_flag_clear  gd32f30x_timer.o
    0x08001436   0x08001436   0x00000014   Code   RO         3791    i.timer_interrupt_flag_get  gd32f30x_timer.o
    0x0800144a   0x0800144a   0x00000002   PAD
    0x0800144c   0x0800144c   0x00000070   Code   RO         4177    i.usart_baudrate_set  gd32f30x_usart.o
    0x080014bc   0x080014bc   0x00000008   Code   RO         4181    i.usart_data_transmit  gd32f30x_usart.o
    0x080014c4   0x080014c4   0x00000090   Code   RO         4182    i.usart_deinit      gd32f30x_usart.o
    0x08001554   0x08001554   0x0000000a   Code   RO         4186    i.usart_enable      gd32f30x_usart.o
    0x0800155e   0x0800155e   0x0000001a   Code   RO         4188    i.usart_flag_get    gd32f30x_usart.o
    0x08001578   0x08001578   0x00000014   Code   RO         4192    i.usart_hardware_flow_cts_config  gd32f30x_usart.o
    0x0800158c   0x0800158c   0x00000014   Code   RO         4193    i.usart_hardware_flow_rts_config  gd32f30x_usart.o
    0x080015a0   0x080015a0   0x000000d4   Code   RO          607    i.usart_init        usart.o
    0x08001674   0x08001674   0x00000014   Code   RO         4195    i.usart_interrupt_enable  gd32f30x_usart.o
    0x08001688   0x08001688   0x00000012   Code   RO         4196    i.usart_interrupt_flag_clear  gd32f30x_usart.o
    0x0800169a   0x0800169a   0x00000032   Code   RO         4197    i.usart_interrupt_flag_get  gd32f30x_usart.o
    0x080016cc   0x080016cc   0x00000010   Code   RO         4208    i.usart_parity_config  gd32f30x_usart.o
    0x080016dc   0x080016dc   0x00000014   Code   RO         4210    i.usart_receive_config  gd32f30x_usart.o
    0x080016f0   0x080016f0   0x00000010   Code   RO         4220    i.usart_stop_bit_set  gd32f30x_usart.o
    0x08001700   0x08001700   0x00000014   Code   RO         4224    i.usart_transmit_config  gd32f30x_usart.o
    0x08001714   0x08001714   0x00000010   Code   RO         4225    i.usart_word_length_set  gd32f30x_usart.o
    0x08001724   0x08001724   0x00000026   Code   RO         4688    i.uxListRemove      list.o
    0x0800174a   0x0800174a   0x00000016   Code   RO         4689    i.vListInitialise   list.o
    0x08001760   0x08001760   0x00000006   Code   RO         4690    i.vListInitialiseItem  list.o
    0x08001766   0x08001766   0x00000030   Code   RO         4691    i.vListInsert       list.o
    0x08001796   0x08001796   0x00000018   Code   RO         4692    i.vListInsertEnd    list.o
    0x080017ae   0x080017ae   0x00000002   PAD
    0x080017b0   0x080017b0   0x0000001c   Code   RO         5572    i.vPortEnterCritical  port.o
    0x080017cc   0x080017cc   0x00000018   Code   RO         5573    i.vPortExitCritical  port.o
    0x080017e4   0x080017e4   0x00000044   Code   RO         5511    i.vPortFree         heap_4.o
    0x08001828   0x08001828   0x00000018   Code   RO         5574    i.vPortSetupTimerInterrupt  port.o
    0x08001840   0x08001840   0x00000046   Code   RO         4739    i.vQueueWaitForMessageRestricted  queue.o
    0x08001886   0x08001886   0x00000002   PAD
    0x08001888   0x08001888   0x00000034   Code   RO         5045    i.vTaskDelay        tasks.o
    0x080018bc   0x080018bc   0x0000009c   Code   RO         5046    i.vTaskDelete       tasks.o
    0x08001958   0x08001958   0x00000010   Code   RO         5049    i.vTaskInternalSetTimeOutState  tasks.o
    0x08001968   0x08001968   0x0000000c   Code   RO         5050    i.vTaskMissedYield  tasks.o
    0x08001974   0x08001974   0x00000020   Code   RO         5051    i.vTaskPlaceOnEventList  tasks.o
    0x08001994   0x08001994   0x00000044   Code   RO         5052    i.vTaskPlaceOnEventListRestricted  tasks.o
    0x080019d8   0x080019d8   0x00000058   Code   RO         5059    i.vTaskStartScheduler  tasks.o
    0x08001a30   0x08001a30   0x00000010   Code   RO         5061    i.vTaskSuspendAll   tasks.o
    0x08001a40   0x08001a40   0x00000048   Code   RO         5062    i.vTaskSwitchContext  tasks.o
    0x08001a88   0x08001a88   0x00000040   Code   RO         5575    i.xPortStartScheduler  port.o
    0x08001ac8   0x08001ac8   0x0000002c   Code   RO         5576    i.xPortSysTickHandler  port.o
    0x08001af4   0x08001af4   0x00000040   Code   RO         4741    i.xQueueGenericCreate  queue.o
    0x08001b34   0x08001b34   0x00000094   Code   RO         4742    i.xQueueGenericReset  queue.o
    0x08001bc8   0x08001bc8   0x000000f8   Code   RO         4743    i.xQueueGenericSend  queue.o
    0x08001cc0   0x08001cc0   0x000000f0   Code   RO         4750    i.xQueueReceive     queue.o
    0x08001db0   0x08001db0   0x00000058   Code   RO         5064    i.xTaskCheckForTimeOut  tasks.o
    0x08001e08   0x08001e08   0x00000068   Code   RO         5065    i.xTaskCreate       tasks.o
    0x08001e70   0x08001e70   0x0000000c   Code   RO         5073    i.xTaskGetTickCount  tasks.o
    0x08001e7c   0x08001e7c   0x0000011c   Code   RO         5075    i.xTaskIncrementTick  tasks.o
    0x08001f98   0x08001f98   0x0000008c   Code   RO         5076    i.xTaskPriorityDisinherit  tasks.o
    0x08002024   0x08002024   0x000000c8   Code   RO         5078    i.xTaskRemoveFromEventList  tasks.o
    0x080020ec   0x080020ec   0x00000114   Code   RO         5079    i.xTaskResumeAll    tasks.o
    0x08002200   0x08002200   0x0000003c   Code   RO         5379    i.xTimerCreateTimerTask  timers.o
    0x0800223c   0x0800223c   0x00000050   Data   RO          548    .constdata          led.o
    0x0800228c   0x0800228c   0x0000002c   Data   RO          609    .constdata          usart.o
    0x080022b8   0x080022b8   0x00000028   Data   RO            8    .conststring        main.o
    0x080022e0   0x080022e0   0x00000020   Data   RO         5951    Region$$Table       anon$$obj.o


    Execution Region RW_IRAM1 (Exec base: 0x20000000, Load base: 0x08002300, Size: 0x00001990, Max: 0x00018000, ABSOLUTE)

    Exec Addr    Load Addr    Size         Type   Attr      Idx    E Section Name        Object

    0x20000000   0x08002300   0x00000018   Data   RW            9    .data               main.o
    0x20000018   0x08002318   0x0000000c   Data   RW          437    .data               systick.o
    0x20000024   0x08002324   0x00000040   Data   RW         5082    .data               tasks.o
    0x20000064   0x08002364   0x00000014   Data   RW         5387    .data               timers.o
    0x20000078   0x08002378   0x0000001c   Data   RW         5517    .data               heap_4.o
    0x20000094   0x08002394   0x00000004   Data   RW         5577    .data               port.o
    0x20000098   0x08002398   0x00000004   Data   RW         5925    .data               mc_w.l(stdout.o)
    0x2000009c        -       0x000000c8   Zero   RW         5081    .bss                tasks.o
    0x20000164        -       0x00000028   Zero   RW         5386    .bss                timers.o
    0x2000018c        -       0x00001400   Zero   RW         5516    .bss                heap_4.o
    0x2000158c   0x0800239c   0x00000004   PAD
    0x20001590        -       0x00000400   Zero   RW         4544    STACK               startup_gd32f30x_hd.o


==============================================================================

Image component sizes


      Code (inc. data)   RO Data    RW Data    ZI Data      Debug   Object Name

         0          0          0          0          0      13152   event_groups.o
         0          0          0          0          0       1540   gd32f30x_can.o
       172          0          0          0          0       2312   gd32f30x_gpio.o
       176         16          0          0          0       1556   gd32f30x_misc.o
       336         46          0          0          0       3472   gd32f30x_rcu.o
        26          0          0          0          0       1440   gd32f30x_timer.o
       516         18          0          0          0      10487   gd32f30x_usart.o
       384         26          0         28       5120       5071   heap_4.o
       414         66          0          0          0      38391   isr.o
       126         18         80          0          0       3693   led.o
       138          0          0          0          0       3430   list.o
       504        194         40         24          0      22284   main.o
       426         54          0          4          0       9968   port.o
      1106         14          0          0          0      13548   queue.o
        40          8        304          0       1024        916   startup_gd32f30x_hd.o
       324         32          0          0          0       2369   system_gd32f30x.o
        16          4          0         12          0      17226   systick.o
      2276        168          0         64        200      33437   tasks.o
       752         78          0         20         40      11292   timers.o
       248         10         44          0          0       3095   usart.o

    ----------------------------------------------------------------------
      8000        752        500        152       6388     198679   Object Totals
         0          0         32          0          0          0   (incl. Generated)
        20          0          0          0          4          0   (incl. Padding)

    ----------------------------------------------------------------------

      Code (inc. data)   RO Data    RW Data    ZI Data      Debug   Library Member Name

         0          0          0          0          0          0   entry.o
         0          0          0          0          0          0   entry10a.o
         0          0          0          0          0          0   entry11a.o
         4          0          0          0          0          0   entry12b.o
         8          4          0          0          0          0   entry2.o
         4          0          0          0          0          0   entry5.o
         0          0          0          0          0          0   entry7b.o
         0          0          0          0          0          0   entry8b.o
         8          4          0          0          0          0   entry9a.o
        30          0          0          0          0          0   handlers.o
        36          8          0          0          0         68   init.o
        36          0          0          0          0         68   memcpya.o
        36          0          0          0          0        108   memseta.o
       296         16          0          0          0        328   printf2.o
         0          0          0          4          0          0   stdout.o

    ----------------------------------------------------------------------
       460         32          0          4          0        572   Library Totals
         2          0          0          0          0          0   (incl. Padding)

    ----------------------------------------------------------------------

      Code (inc. data)   RO Data    RW Data    ZI Data      Debug   Library Name

       458         32          0          4          0        572   mc_w.l

    ----------------------------------------------------------------------
       460         32          0          4          0        572   Library Totals

    ----------------------------------------------------------------------

==============================================================================


      Code (inc. data)   RO Data    RW Data    ZI Data      Debug   

      8460        784        500        156       6388     187747   Grand Totals
      8460        784        500        156       6388     187747   ELF Image Totals
      8460        784        500        156          0          0   ROM Totals

==============================================================================

    Total RO  Size (Code + RO Data)                 8960 (   8.75kB)
    Total RW  Size (RW Data + ZI Data)              6544 (   6.39kB)
    Total ROM Size (Code + RO Data + RW Data)       9116 (   8.90kB)

==============================================================================

