<html>
<body>
<pre>
<h1>µVision Build Log</h1>
<h2>Tool Versions:</h2>
IDE-Version: ¦ÌVision V5.41.0.0
Copyright (C) 2024 ARM Ltd and ARM Germany GmbH. All rights reserved.
License Information: 1 ufdl24@163.com, 11, LIC=0VRJ7-EJ3NM-249SS-LTYCL-EJBCG-Y667M
 
Tool Versions:
Toolchain:       MDK-ARM Professional  Version: 5.41.0.0
Toolchain Path:  C:\Users\ufdl2\AppData\Local\Keil_v5\ARM\ARMCOMPLIER506\Bin
C Compiler:      Armcc.exe V5.06 update 7 (build 960)
Assembler:       Armasm.exe V5.06 update 7 (build 960)
Linker/Locator:  ArmLink.exe V5.06 update 7 (build 960)
Library Manager: ArmAr.exe V5.06 update 7 (build 960)
Hex Converter:   FromElf.exe V5.06 update 7 (build 960)
CPU DLL:         SARMCM3.DLL V5.41.0.0
Dialog DLL:      DCM.DLL V1.17.5.0
Target DLL:      CMSIS_AGDI.dll V1.33.21.0
Dialog DLL:      TCM.DLL V1.56.4.0
 
<h2>Project:</h2>
d:\study\code\MCU\gd32f303_devkit\4_Àý³ÌÔ´Âë\demo_freertos_softTimer\usr\demo_freertos.uvprojx
Project File Date:  11/10/2024

<h2>Output:</h2>
*** Using Compiler 'V5.06 update 7 (build 960)', folder: 'C:\Users\ufdl2\AppData\Local\Keil_v5\ARM\ARMCOMPLIER506\Bin'
Build target 'demo_freertos'
compiling main.c...
main.c(86): warning:  #111-D: statement is unreachable
  	return 0;
main.c: 1 warning, 0 errors
linking...
Program Size: Code=8372 RO-data=380 RW-data=148 ZI-data=6388  
FromELF: creating hex file...
"..\bin\demo_freertos.axf" - 0 Error(s), 1 Warning(s).

<h2>Software Packages used:</h2>

Package Vendor: GigaDevice
                https://gd32mcu.com/data/documents/pack/GigaDevice.GD32F30x_DFP.2.2.1.pack
                GigaDevice::GD32F30x_DFP@2.2.1
                GigaDevice GD32F30x Series Device Support and Examples

<h2>Collection of Component include folders:</h2>
  C:/Users/ufdl2/AppData/Local/Arm/Packs/GigaDevice/GD32F30x_DFP/2.2.1/Device/Include

<h2>Collection of Component Files used:</h2>
Build Time Elapsed:  00:00:02
</pre>
</body>
</html>
